ARM Linker, 4.1 [Build 481] [Standard]

==============================================================================

Section Cross References

    startup_stm32f10x_hd.o(RESET) refers to startup_stm32f10x_hd.o(STACK) for __initial_sp
    startup_stm32f10x_hd.o(RESET) refers to startup_stm32f10x_hd.o(.text) for Reset_Handler
    startup_stm32f10x_hd.o(RESET) refers to stm32f10x_it.o(i.NMI_Handler) for NMI_Handler
    startup_stm32f10x_hd.o(RESET) refers to stm32f10x_it.o(i.HardFault_Handler) for HardFault_Handler
    startup_stm32f10x_hd.o(RESET) refers to stm32f10x_it.o(i.MemManage_Handler) for MemManage_Handler
    startup_stm32f10x_hd.o(RESET) refers to stm32f10x_it.o(i.BusFault_Handler) for BusFault_Handler
    startup_stm32f10x_hd.o(RESET) refers to stm32f10x_it.o(i.UsageFault_Handler) for UsageFault_Handler
    startup_stm32f10x_hd.o(RESET) refers to stm32f10x_it.o(i.SVC_Handler) for SVC_Handler
    startup_stm32f10x_hd.o(RESET) refers to stm32f10x_it.o(i.DebugMon_Handler) for DebugMon_Handler
    startup_stm32f10x_hd.o(RESET) refers to os_cpu_a.o(CODE) for OS_CPU_PendSVHandler
    startup_stm32f10x_hd.o(RESET) refers to os_cpu_c.o(i.OS_CPU_SysTickHandler) for OS_CPU_SysTickHandler
    startup_stm32f10x_hd.o(RESET) refers to main.o(i.USART1_IRQHandler) for USART1_IRQHandler
    startup_stm32f10x_hd.o(RESET) refers to main.o(i.TIM7_IRQHandler) for TIM7_IRQHandler
    startup_stm32f10x_hd.o(.text) refers to system_stm32f10x.o(i.SystemInit) for SystemInit
    startup_stm32f10x_hd.o(.text) refers to entry.o(.ARM.Collect$$$$00000000) for __main
    system_stm32f10x.o(i.SetSysClock) refers to system_stm32f10x.o(i.SetSysClockTo72) for SetSysClockTo72
    system_stm32f10x.o(i.SystemCoreClockUpdate) refers to system_stm32f10x.o(.data) for .data
    system_stm32f10x.o(i.SystemInit) refers to system_stm32f10x.o(i.SetSysClock) for SetSysClock
    stm32f10x_adc.o(i.ADC_DeInit) refers to stm32f10x_rcc.o(i.RCC_APB2PeriphResetCmd) for RCC_APB2PeriphResetCmd
    stm32f10x_bkp.o(i.BKP_DeInit) refers to stm32f10x_rcc.o(i.RCC_BackupResetCmd) for RCC_BackupResetCmd
    stm32f10x_can.o(i.CAN_DeInit) refers to stm32f10x_rcc.o(i.RCC_APB1PeriphResetCmd) for RCC_APB1PeriphResetCmd
    stm32f10x_can.o(i.CAN_GetITStatus) refers to stm32f10x_can.o(i.CheckITStatus) for CheckITStatus
    stm32f10x_cec.o(i.CEC_DeInit) refers to stm32f10x_rcc.o(i.RCC_APB1PeriphResetCmd) for RCC_APB1PeriphResetCmd
    stm32f10x_dac.o(i.DAC_DeInit) refers to stm32f10x_rcc.o(i.RCC_APB1PeriphResetCmd) for RCC_APB1PeriphResetCmd
    stm32f10x_flash.o(i.FLASH_EnableWriteProtection) refers to stm32f10x_flash.o(i.FLASH_WaitForLastOperation) for FLASH_WaitForLastOperation
    stm32f10x_flash.o(i.FLASH_EraseAllBank1Pages) refers to stm32f10x_flash.o(i.FLASH_WaitForLastBank1Operation) for FLASH_WaitForLastBank1Operation
    stm32f10x_flash.o(i.FLASH_EraseAllPages) refers to stm32f10x_flash.o(i.FLASH_WaitForLastOperation) for FLASH_WaitForLastOperation
    stm32f10x_flash.o(i.FLASH_EraseOptionBytes) refers to stm32f10x_flash.o(i.FLASH_GetReadOutProtectionStatus) for FLASH_GetReadOutProtectionStatus
    stm32f10x_flash.o(i.FLASH_EraseOptionBytes) refers to stm32f10x_flash.o(i.FLASH_WaitForLastOperation) for FLASH_WaitForLastOperation
    stm32f10x_flash.o(i.FLASH_ErasePage) refers to stm32f10x_flash.o(i.FLASH_WaitForLastOperation) for FLASH_WaitForLastOperation
    stm32f10x_flash.o(i.FLASH_ProgramHalfWord) refers to stm32f10x_flash.o(i.FLASH_WaitForLastOperation) for FLASH_WaitForLastOperation
    stm32f10x_flash.o(i.FLASH_ProgramOptionByteData) refers to stm32f10x_flash.o(i.FLASH_WaitForLastOperation) for FLASH_WaitForLastOperation
    stm32f10x_flash.o(i.FLASH_ProgramWord) refers to stm32f10x_flash.o(i.FLASH_WaitForLastOperation) for FLASH_WaitForLastOperation
    stm32f10x_flash.o(i.FLASH_ReadOutProtection) refers to stm32f10x_flash.o(i.FLASH_WaitForLastOperation) for FLASH_WaitForLastOperation
    stm32f10x_flash.o(i.FLASH_UserOptionByteConfig) refers to stm32f10x_flash.o(i.FLASH_WaitForLastOperation) for FLASH_WaitForLastOperation
    stm32f10x_flash.o(i.FLASH_WaitForLastBank1Operation) refers to stm32f10x_flash.o(i.FLASH_GetBank1Status) for FLASH_GetBank1Status
    stm32f10x_flash.o(i.FLASH_WaitForLastOperation) refers to stm32f10x_flash.o(i.FLASH_GetBank1Status) for FLASH_GetBank1Status
    stm32f10x_gpio.o(i.GPIO_AFIODeInit) refers to stm32f10x_rcc.o(i.RCC_APB2PeriphResetCmd) for RCC_APB2PeriphResetCmd
    stm32f10x_gpio.o(i.GPIO_DeInit) refers to stm32f10x_rcc.o(i.RCC_APB2PeriphResetCmd) for RCC_APB2PeriphResetCmd
    stm32f10x_i2c.o(i.I2C_DeInit) refers to stm32f10x_rcc.o(i.RCC_APB1PeriphResetCmd) for RCC_APB1PeriphResetCmd
    stm32f10x_i2c.o(i.I2C_Init) refers to stm32f10x_rcc.o(i.RCC_GetClocksFreq) for RCC_GetClocksFreq
    stm32f10x_pwr.o(i.PWR_DeInit) refers to stm32f10x_rcc.o(i.RCC_APB1PeriphResetCmd) for RCC_APB1PeriphResetCmd
    stm32f10x_rcc.o(i.RCC_GetClocksFreq) refers to stm32f10x_rcc.o(.data) for .data
[...]
    RCC_AHBPeriphClockCmd                    0x08006671   Thumb Code    20  stm32f10x_rcc.o(i.RCC_AHBPeriphClockCmd)
    RCC_APB1PeriphClockCmd                   0x08006689   Thumb Code    20  stm32f10x_rcc.o(i.RCC_APB1PeriphClockCmd)
    RCC_APB1PeriphResetCmd                   0x080066a1   Thumb Code    20  stm32f10x_rcc.o(i.RCC_APB1PeriphResetCmd)
    RCC_APB2PeriphClockCmd                   0x080066b9   Thumb Code    20  stm32f10x_rcc.o(i.RCC_APB2PeriphClockCmd)
    RCC_APB2PeriphResetCmd                   0x080066d1   Thumb Code    20  stm32f10x_rcc.o(i.RCC_APB2PeriphResetCmd)
    RCC_GetClocksFreq                        0x080066e9   Thumb Code   152  stm32f10x_rcc.o(i.RCC_GetClocksFreq)
    SPI_Cmd                                  0x08006791   Thumb Code    22  stm32f10x_spi.o(i.SPI_Cmd)
    SPI_FLASH_BufferRead                     0x080067a9   Thumb Code    76  fatfs_flash_spi.o(i.SPI_FLASH_BufferRead)
    SPI_FLASH_BufferWrite                    0x080067f9   Thumb Code   218  fatfs_flash_spi.o(i.SPI_FLASH_BufferWrite)
    SPI_FLASH_PageWrite                      0x080068d5   Thumb Code    96  fatfs_flash_spi.o(i.SPI_FLASH_PageWrite)
    SPI_FLASH_ReadID                         0x08006939   Thumb Code    64  fatfs_flash_spi.o(i.SPI_FLASH_ReadID)
    SPI_FLASH_SectorErase                    0x0800697d   Thumb Code    66  fatfs_flash_spi.o(i.SPI_FLASH_SectorErase)
    SPI_FLASH_SendByte                       0x080069c5   Thumb Code    98  fatfs_flash_spi.o(i.SPI_FLASH_SendByte)
    SPI_FLASH_WaitForWriteEnd                0x08006a31   Thumb Code    62  fatfs_flash_spi.o(i.SPI_FLASH_WaitForWriteEnd)
    SPI_FLASH_WriteEnable                    0x08006a79   Thumb Code    30  fatfs_flash_spi.o(i.SPI_FLASH_WriteEnable)
    SPI_I2S_GetFlagStatus                    0x08006a9d   Thumb Code    14  stm32f10x_spi.o(i.SPI_I2S_GetFlagStatus)
    SPI_I2S_ReceiveData                      0x08006aab   Thumb Code     4  stm32f10x_spi.o(i.SPI_I2S_ReceiveData)
    SPI_I2S_SendData                         0x08006aaf   Thumb Code     4  stm32f10x_spi.o(i.SPI_I2S_SendData)
    SPI_Init                                 0x08006ab3   Thumb Code    56  stm32f10x_spi.o(i.SPI_Init)
    SVC_Handler                              0x08006b21   Thumb Code     2  stm32f10x_it.o(i.SVC_Handler)
    Sit_Down                                 0x08006bc5   Thumb Code   224  control.o(i.Sit_Down)
    Stamp                                    0x08006cb9   Thumb Code    86  control.o(i.Stamp)
    Stand_Up                                 0x08006d15   Thumb Code   324  control.o(i.Stand_Up)
    SystemInit                               0x08006e6d   Thumb Code    64  system_stm32f10x.o(i.SystemInit)
    TIM1_Config                              0x08006ebd   Thumb Code    64  pwm.o(i.TIM1_Config)
    TIM1_Init                                0x08006f05   Thumb Code   216  pwm.o(i.TIM1_Init)
    TIM2_Config                              0x08006fe9   Thumb Code    56  pwm.o(i.TIM2_Config)
    TIM2_Init                                0x08007029   Thumb Code   160  pwm.o(i.TIM2_Init)
    TIM3_Config                              0x080070d1   Thumb Code    64  pwm.o(i.TIM3_Config)
    TIM3_Init                                0x08007119   Thumb Code   160  pwm.o(i.TIM3_Init)
    TIM4_Config                              0x080071c5   Thumb Code    56  pwm.o(i.TIM4_Config)
    TIM4_Init                                0x08007201   Thumb Code   160  pwm.o(i.TIM4_Init)
    TIM5_Config                              0x080072ad   Thumb Code    46  pwm.o(i.TIM5_Config)
    TIM5_Init                                0x080072e1   Thumb Code   160  pwm.o(i.TIM5_Init)
    TIM6_Configuration                       0x0800738d   Thumb Code    80  tim6.o(i.TIM6_Configuration)
    TIM7_Configuration                       0x080073e1   Thumb Code    72  tim6.o(i.TIM7_Configuration)
    TIM7_IRQHandler                          0x0800742d   Thumb Code    42  main.o(i.TIM7_IRQHandler)
    TIM7_NVIC_Configuration                  0x08007461   Thumb Code    50  tim6.o(i.TIM7_NVIC_Configuration)
    TIM_ARRPreloadConfig                     0x08007493   Thumb Code    22  stm32f10x_tim.o(i.TIM_ARRPreloadConfig)
    TIM_BDTRConfig                           0x080074a9   Thumb Code    34  stm32f10x_tim.o(i.TIM_BDTRConfig)
    TIM_ClearFlag                            0x080074cb   Thumb Code     6  stm32f10x_tim.o(i.TIM_ClearFlag)
    TIM_ClearITPendingBit                    0x080074d1   Thumb Code     6  stm32f10x_tim.o(i.TIM_ClearITPendingBit)
    TIM_Cmd                                  0x080074d7   Thumb Code    22  stm32f10x_tim.o(i.TIM_Cmd)
    TIM_CtrlPWMOutputs                       0x080074ed   Thumb Code    26  stm32f10x_tim.o(i.TIM_CtrlPWMOutputs)
    TIM_DeInit                               0x08007509   Thumb Code   464  stm32f10x_tim.o(i.TIM_DeInit)
    TIM_GetCounter                           0x08007719   Thumb Code     4  stm32f10x_tim.o(i.TIM_GetCounter)
    TIM_GetITStatus                          0x0800771d   Thumb Code    24  stm32f10x_tim.o(i.TIM_GetITStatus)
    TIM_ITConfig                             0x08007735   Thumb Code    18  stm32f10x_tim.o(i.TIM_ITConfig)
    TIM_Init                                 0x08007747   Thumb Code    26  pwm.o(i.TIM_Init)
    TIM_OC1Init                              0x08007761   Thumb Code   114  stm32f10x_tim.o(i.TIM_OC1Init)
    TIM_OC1PreloadConfig                     0x080077e9   Thumb Code    12  stm32f10x_tim.o(i.TIM_OC1PreloadConfig)
    TIM_OC2Init                              0x080077f5   Thumb Code   124  stm32f10x_tim.o(i.TIM_OC2Init)
    TIM_OC2PreloadConfig                     0x08007879   Thumb Code    14  stm32f10x_tim.o(i.TIM_OC2PreloadConfig)
    TIM_OC3Init                              0x08007889   Thumb Code   120  stm32f10x_tim.o(i.TIM_OC3Init)
    TIM_OC3PreloadConfig                     0x08007909   Thumb Code    12  stm32f10x_tim.o(i.TIM_OC3PreloadConfig)
    TIM_OC4Init                              0x08007915   Thumb Code    90  stm32f10x_tim.o(i.TIM_OC4Init)
    TIM_OC4PreloadConfig                     0x08007979   Thumb Code    14  stm32f10x_tim.o(i.TIM_OC4PreloadConfig)
    TIM_SetCompare1                          0x08007987   Thumb Code     4  stm32f10x_tim.o(i.TIM_SetCompare1)
    TIM_SetCompare2                          0x0800798b   Thumb Code     4  stm32f10x_tim.o(i.TIM_SetCompare2)
    TIM_SetCompare3                          0x0800798f   Thumb Code     4  stm32f10x_tim.o(i.TIM_SetCompare3)
    TIM_SetCompare4                          0x08007993   Thumb Code     6  stm32f10x_tim.o(i.TIM_SetCompare4)
    TIM_SetCounter                           0x08007999   Thumb Code     4  stm32f10x_tim.o(i.TIM_SetCounter)
    TIM_TimeBaseInit                         0x0800799d   Thumb Code   114  stm32f10x_tim.o(i.TIM_TimeBaseInit)
    TM_FATFS_FLASH_SPI_disk_initialize       0x08007a39   Thumb Code   206  fatfs_flash_spi.o(i.TM_FATFS_FLASH_SPI_disk_initialize)
    TM_FATFS_FLASH_SPI_disk_ioctl            0x08007b19   Thumb Code    40  fatfs_flash_spi.o(i.TM_FATFS_FLASH_SPI_disk_ioctl)
    TM_FATFS_FLASH_SPI_disk_read             0x08007b41   Thumb Code    30  fatfs_flash_spi.o(i.TM_FATFS_FLASH_SPI_disk_read)
    TM_FATFS_FLASH_SPI_disk_status           0x08007b65   Thumb Code    34  fatfs_flash_spi.o(i.TM_FATFS_FLASH_SPI_disk_status)
    TM_FATFS_FLASH_SPI_disk_write            0x08007b91   Thumb Code    32  fatfs_flash_spi.o(i.TM_FATFS_FLASH_SPI_disk_write)
    Turn                                     0x08007bb1   Thumb Code   102  control.o(i.Turn)
    Turn_Left                                0x08007c1d   Thumb Code   102  control.o(i.Turn_Left)
    USART1_Config                            0x08007c89   Thumb Code   128  bsp_usart1.o(i.USART1_Config)
    USART1_IRQHandler                        0x08007d11   Thumb Code   122  main.o(i.USART1_IRQHandler)
    USART_ClearFlag                          0x08007d99   Thumb Code     8  stm32f10x_usart.o(i.USART_ClearFlag)
    USART_Cmd                                0x08007da1   Thumb Code    22  stm32f10x_usart.o(i.USART_Cmd)
    USART_GetFlagStatus                      0x08007db7   Thumb Code    14  stm32f10x_usart.o(i.USART_GetFlagStatus)
    USART_ITConfig                           0x08007dc5   Thumb Code    54  stm32f10x_usart.o(i.USART_ITConfig)
    USART_Init                               0x08007dfd   Thumb Code   184  stm32f10x_usart.o(i.USART_Init)
    USART_ReceiveData                        0x08007eb9   Thumb Code     8  stm32f10x_usart.o(i.USART_ReceiveData)
    USART_SendData                           0x08007efd   Thumb Code     8  stm32f10x_usart.o(i.USART_SendData)
    UltrasonicWave1_CalculateTime            0x08007f05   Thumb Code    26  ultrasonicwave.o(i.UltrasonicWave1_CalculateTime)
    UltrasonicWave1_StartMeasure             0x08007f29   Thumb Code    92  ultrasonicwave.o(i.UltrasonicWave1_StartMeasure)
    UltrasonicWave2_CalculateTime            0x08007f8d   Thumb Code    26  ultrasonicwave.o(i.UltrasonicWave2_CalculateTime)
    UltrasonicWave2_StartMeasure             0x08007fb1   Thumb Code    92  ultrasonicwave.o(i.UltrasonicWave2_StartMeasure)
    UltrasonicWave3_CalculateTime            0x08008015   Thumb Code    26  ultrasonicwave.o(i.UltrasonicWave3_CalculateTime)
    UltrasonicWave3_StartMeasure             0x08008039   Thumb Code    92  ultrasonicwave.o(i.UltrasonicWave3_StartMeasure)
    UltrasonicWave_Configuration             0x0800809d   Thumb Code    64  ultrasonicwave.o(i.UltrasonicWave_Configuration)
    UltrasonicWave_StartMeasure              0x080080e1   Thumb Code    18  ultrasonicwave.o(i.UltrasonicWave_StartMeasure)
    UsageFault_Handler                       0x080080f3   Thumb Code     2  stm32f10x_it.o(i.UsageFault_Handler)
    Usart1_NVIC_Configuration                0x080080f5   Thumb Code    40  bsp_usart1.o(i.Usart1_NVIC_Configuration)
    __0printf                                0x080084b9   Thumb Code    22  printfa.o(i.__0printf)
    __1printf                                0x080084b9   Thumb Code     0  printfa.o(i.__0printf)
    __2printf                                0x080084b9   Thumb Code     0  printfa.o(i.__0printf)
    __c89printf                              0x080084b9   Thumb Code     0  printfa.o(i.__0printf)
    printf                                   0x080084b9   Thumb Code     0  printfa.o(i.__0printf)
    __0sprintf                               0x080084d9   Thumb Code    34  printfa.o(i.__0sprintf)
    __1sprintf                               0x080084d9   Thumb Code     0  printfa.o(i.__0sprintf)
    __2sprintf                               0x080084d9   Thumb Code     0  printfa.o(i.__0sprintf)
    __c89sprintf                             0x080084d9   Thumb Code     0  printfa.o(i.__0sprintf)
    sprintf                                  0x080084d9   Thumb Code     0  printfa.o(i.__0sprintf)
    __scatterload_copy                       0x08008501   Thumb Code    14  handlers.o(i.__scatterload_copy)
    __scatterload_null                       0x0800850f   Thumb Code     2  handlers.o(i.__scatterload_null)
    __scatterload_zeroinit                   0x08008511   Thumb Code    14  handlers.o(i.__scatterload_zeroinit)
    avoidance                                0x08008fb1   Thumb Code    52  main.o(i.avoidance)
    clust2sect                               0x08009079   Thumb Code    24  ff.o(i.clust2sect)
    delay_diy                                0x080093a1   Thumb Code    10  ultrasonicwave.o(i.delay_diy)
    disk_initialize                          0x08009875   Thumb Code    14  diskio.o(i.disk_initialize)
    disk_ioctl                               0x08009883   Thumb Code    26  diskio.o(i.disk_ioctl)
    disk_read                                0x0800989d   Thumb Code    28  diskio.o(i.disk_read)
    disk_status                              0x080098b9   Thumb Code    14  diskio.o(i.disk_status)
    disk_write                               0x080098c7   Thumb Code    32  diskio.o(i.disk_write)
    f_close                                  0x080098e7   Thumb Code    30  ff.o(i.f_close)
    f_open                                   0x08009905   Thumb Code   338  ff.o(i.f_open)
    f_sync                                   0x08009a57   Thumb Code   154  ff.o(i.f_sync)
    f_unlink                                 0x08009af1   Thumb Code   162  ff.o(i.f_unlink)
    f_write                                  0x08009b93   Thumb Code   436  ff.o(i.f_write)
    ff_convert                               0x08009d49   Thumb Code    48  ccsbcs.o(i.ff_convert)
    ff_wtoupper                              0x08009d7d   Thumb Code    34  ccsbcs.o(i.ff_wtoupper)
    fputc                                    0x0800a1d9   Thumb Code    30  bsp_usart1.o(i.fputc)
    get_fat                                  0x0800a289   Thumb Code   254  ff.o(i.get_fat)
    get_fattime                              0x0800a389   Thumb Code     4  diskio.o(i.get_fattime)
    i2c_Ack                                  0x0800a3d5   Thumb Code    30  bsp_i2c.o(i.i2c_Ack)
    i2c_GPIO_Config                          0x0800a405   Thumb Code    42  bsp_i2c.o(i.i2c_GPIO_Config)
    i2c_NAck                                 0x0800a435   Thumb Code    30  bsp_i2c.o(i.i2c_NAck)
    i2c_ReadByte                             0x0800a459   Thumb Code    76  bsp_i2c.o(i.i2c_ReadByte)
    i2c_SendByte                             0x0800a4a9   Thumb Code    74  bsp_i2c.o(i.i2c_SendByte)
    i2c_Start                                0x0800a4f9   Thumb Code    34  bsp_i2c.o(i.i2c_Start)
    i2c_Stop                                 0x0800a521   Thumb Code    22  bsp_i2c.o(i.i2c_Stop)
    i2c_WaitAck                              0x0800a53d   Thumb Code    48  bsp_i2c.o(i.i2c_WaitAck)
    main                                     0x0800a591   Thumb Code    64  main.o(i.main)
    put_fat                                  0x0800a6c9   Thumb Code   296  ff.o(i.put_fat)
    OSCfg_IdleTaskStkBasePtr                 0x0800af2c   Data           4  os_cfg_app.o(.constdata)
    OSCfg_IdleTaskStkLimit                   0x0800af30   Data           4  os_cfg_app.o(.constdata)
    OSCfg_IdleTaskStkSize                    0x0800af34   Data           4  os_cfg_app.o(.constdata)
    OSCfg_IntQBasePtr                        0x0800af38   Data           4  os_cfg_app.o(.constdata)
    OSCfg_IntQSize                           0x0800af3c   Data           2  os_cfg_app.o(.constdata)
    OSCfg_IntQTaskStkBasePtr                 0x0800af40   Data           4  os_cfg_app.o(.constdata)
    OSCfg_IntQTaskStkLimit                   0x0800af44   Data           4  os_cfg_app.o(.constdata)
    OSCfg_IntQTaskStkSize                    0x0800af48   Data           4  os_cfg_app.o(.constdata)
    OSCfg_ISRStkBasePtr                      0x0800af4c   Data           4  os_cfg_app.o(.constdata)
    OSCfg_ISRStkSize                         0x0800af50   Data           4  os_cfg_app.o(.constdata)
    OSCfg_MsgPoolSize                        0x0800af54   Data           2  os_cfg_app.o(.constdata)
    OSCfg_MsgPoolBasePtr                     0x0800af58   Data           4  os_cfg_app.o(.constdata)
    OSCfg_StatTaskPrio                       0x0800af5c   Data           1  os_cfg_app.o(.constdata)
    OSCfg_StatTaskRate_Hz                    0x0800af60   Data           4  os_cfg_app.o(.constdata)
    OSCfg_StatTaskStkBasePtr                 0x0800af64   Data           4  os_cfg_app.o(.constdata)
    OSCfg_StatTaskStkLimit                   0x0800af68   Data           4  os_cfg_app.o(.constdata)
    OSCfg_StatTaskStkSize                    0x0800af6c   Data           4  os_cfg_app.o(.constdata)
    OSCfg_StkSizeMin                         0x0800af70   Data           4  os_cfg_app.o(.constdata)
    OSCfg_TickRate_Hz                        0x0800af74   Data           4  os_cfg_app.o(.constdata)
    OSCfg_TickTaskPrio                       0x0800af78   Data           1  os_cfg_app.o(.constdata)
    OSCfg_TickTaskStkBasePtr                 0x0800af7c   Data           4  os_cfg_app.o(.constdata)
    OSCfg_TickTaskStkLimit                   0x0800af80   Data           4  os_cfg_app.o(.constdata)
    OSCfg_TickTaskStkSize                    0x0800af84   Data           4  os_cfg_app.o(.constdata)
    OSCfg_TickWheelSize                      0x0800af88   Data           2  os_cfg_app.o(.constdata)
    OSCfg_TmrTaskPrio                        0x0800af8a   Data           1  os_cfg_app.o(.constdata)
    OSCfg_TmrTaskRate_Hz                     0x0800af8c   Data           4  os_cfg_app.o(.constdata)
    OSCfg_TmrTaskStkBasePtr                  0x0800af90   Data           4  os_cfg_app.o(.constdata)
    OSCfg_TmrTaskStkLimit                    0x0800af94   Data           4  os_cfg_app.o(.constdata)
    OSCfg_TmrTaskStkSize                     0x0800af98   Data           4  os_cfg_app.o(.constdata)
    OSCfg_TmrWheelSize                       0x0800af9c   Data           2  os_cfg_app.o(.constdata)
    GUI_Font6x8                              0x0800b69c   Data          36  f6x8.o(.constdata)
    GUI__aConvert_255_31                     0x0800b6c0   Data         256  gui__divtbl_255_31.o(.constdata)
    Region$$Table$$Base                      0x0800b7cc   Number         0  anon$$obj.o(Region$$Table)
    Region$$Table$$Limit                     0x0800b7ec   Number         0  anon$$obj.o(Region$$Table)
    key_flag                                 0x20000014   Data           1  main.o(.data)
    flag_sem                                 0x20000015   Data           1  main.o(.data)
    rec_flag                                 0x20000017   Data           1  main.o(.data)
    number                                   0x20000018   Data           1  main.o(.data)
    result                                   0x20000019   Data           1  main.o(.data)
    lean_flag                                0x2000001e   Data           2  main.o(.data)
    flag_saElect                             0x20000020   Data           2  main.o(.data)
    buffercontorl                            0x20000022   Data           3  main.o(.data)
    rw                                       0x20000028   Data           4  main.o(.data)
    Height                                   0x2000002c   Data           8  main.o(.data)
    Accel                                    0x20000044   Data           6  main.o(.data)
    Gyro                                     0x2000004a   Data           6  main.o(.data)
    ACTION_SPEED                             0x2000005c   Data           2  control.o(.data)
    ACTION_DELAY                             0x2000005e   Data           2  control.o(.data)
    TURN_DELAY                               0x20000060   Data           2  control.o(.data)
    STRAIGHT_DELAY                           0x20000062   Data           2  control.o(.data)
    STAMP_DELAY                              0x20000064   Data           2  control.o(.data)
    ALTITUDE_DELAY                           0x20000066   Data           2  control.o(.data)
    STAND_HIGHT                              0x20000068   Data           2  control.o(.data)
    Raise                                    0x2000006a   Data           2  control.o(.data)
    Raise1                                   0x2000006c   Data           2  control.o(.data)
    pwm_init                                 0x20000070   Data         104  control.o(.data)
    PrescalerValue                           0x200000d8   Data           2  pwm.o(.data)
    CCR1_Val                                 0x200000da   Data           2  pwm.o(.data)
    CCR2_Val                                 0x200000dc   Data           2  pwm.o(.data)
    CCR3_Val                                 0x200000de   Data           2  pwm.o(.data)
    CCR4_Val                                 0x200000e0   Data           2  pwm.o(.data)
    UltrasonicWave_Distance                  0x200000e2   Data           2  ultrasonicwave.o(.data)
    UltrasonicWave_Distance1                 0x200000e4   Data           2  ultrasonicwave.o(.data)
    UltrasonicWave_Distance2                 0x200000e6   Data           2  ultrasonicwave.o(.data)
    Gyro_y                                   0x2000010c   Data           4  kalman.o(.data)
    Accel_x                                  0x20000110   Data           4  kalman.o(.data)
    Angle_ax                                 0x20000114   Data           4  kalman.o(.data)
    Angle                                    0x20000118   Data           4  kalman.o(.data)
    OS_CPU_ExceptStkBase                     0x20000134   Data           4  os_cpu_c.o(.data)
    OSPrioTbl                                0x20000138   Data           4  os_prio.o(.data)
    OS_AppTaskCreateHookPtr                  0x2000013c   Data           4  os_var.o(.data)
    OS_AppTaskDelHookPtr                     0x20000140   Data           4  os_var.o(.data)
    OS_AppTaskReturnHookPtr                  0x20000144   Data           4  os_var.o(.data)
    OS_AppIdleTaskHookPtr                    0x20000148   Data           4  os_var.o(.data)
    OS_AppStatTaskHookPtr                    0x2000014c   Data           4  os_var.o(.data)
    OS_AppTaskSwHookPtr                      0x20000150   Data           4  os_var.o(.data)
    OS_AppTimeTickHookPtr                    0x20000154   Data           4  os_var.o(.data)
    OSIdleTaskCtr                            0x20000158   Data           4  os_var.o(.data)
    OSIntNestingCtr                          0x2000015c   Data           1  os_var.o(.data)
    OSIntDisTimeMax                          0x20000160   Data           4  os_var.o(.data)
    OSRunning                                0x20000164   Data           1  os_var.o(.data)
    OSIntQInPtr                              0x20000168   Data           4  os_var.o(.data)
    OSIntQOutPtr                             0x2000016c   Data           4  os_var.o(.data)
    OSIntQNbrEntries                         0x20000170   Data           2  os_var.o(.data)
    OSIntQNbrEntriesMax                      0x20000172   Data           2  os_var.o(.data)
    OSIntQOvfCtr                             0x20000174   Data           2  os_var.o(.data)
    OSIntQTaskTimeMax                        0x20000178   Data           4  os_var.o(.data)
    OSFlagDbgListPtr                         0x2000017c   Data           4  os_var.o(.data)
    OSFlagQty                                0x20000180   Data           2  os_var.o(.data)
    OSMemDbgListPtr                          0x20000184   Data           4  os_var.o(.data)
    OSMemQty                                 0x20000188   Data           2  os_var.o(.data)
    OSMutexDbgListPtr                        0x2000018c   Data           4  os_var.o(.data)
    OSMutexQty                               0x20000190   Data           2  os_var.o(.data)
    OSPrioCur                                0x20000192   Data           1  os_var.o(.data)
    OSPrioHighRdy                            0x20000193   Data           1  os_var.o(.data)
    OSPrioSaved                              0x20000194   Data           1  os_var.o(.data)
    OSQDbgListPtr                            0x20000198   Data           4  os_var.o(.data)
    OSQQty                                   0x2000019c   Data           2  os_var.o(.data)
    OSSchedLockTimeBegin                     0x200001a0   Data           4  os_var.o(.data)
    OSSchedLockTimeMax                       0x200001a4   Data           4  os_var.o(.data)
    OSSchedLockTimeMaxCur                    0x200001a8   Data           4  os_var.o(.data)
    OSSchedLockNestingCtr                    0x200001ac   Data           1  os_var.o(.data)
    OSSchedRoundRobinDfltTimeQuanta          0x200001b0   Data           4  os_var.o(.data)
    OSSchedRoundRobinEn                      0x200001b4   Data           1  os_var.o(.data)
    OSSemDbgListPtr                          0x200001b8   Data           4  os_var.o(.data)
    OSSemQty                                 0x200001bc   Data           2  os_var.o(.data)
    OSStatResetFlag                          0x200001be   Data           1  os_var.o(.data)
    OSStatTaskCPUUsage                       0x200001c0   Data           2  os_var.o(.data)
    OSStatTaskCPUUsageMax                    0x200001c2   Data           2  os_var.o(.data)
    OSStatTaskCtr                            0x200001c4   Data           4  os_var.o(.data)
    OSStatTaskCtrMax                         0x200001c8   Data           4  os_var.o(.data)
    OSStatTaskCtrRun                         0x200001cc   Data           4  os_var.o(.data)
    OSStatTaskRdy                            0x200001d0   Data           1  os_var.o(.data)
    OSStatTaskTimeMax                        0x200001d4   Data           4  os_var.o(.data)
    OSTaskCtxSwCtr                           0x200001d8   Data           4  os_var.o(.data)
    OSTaskDbgListPtr                         0x200001dc   Data           4  os_var.o(.data)
    OSTaskQty                                0x200001e0   Data           2  os_var.o(.data)
    OSTaskRegNextAvailID                     0x200001e2   Data           1  os_var.o(.data)
    OSTickCtr                                0x200001e4   Data           4  os_var.o(.data)
    OSTickTaskTimeMax                        0x200001e8   Data           4  os_var.o(.data)
    OSTmrDbgListPtr                          0x200001ec   Data           4  os_var.o(.data)
    OSTmrQty                                 0x200001f0   Data           2  os_var.o(.data)
    OSTmrTaskTimeMax                         0x200001f4   Data           4  os_var.o(.data)
    OSTmrTickCtr                             0x200001f8   Data           4  os_var.o(.data)
    OSTmrUpdateCnt                           0x200001fc   Data           4  os_var.o(.data)
    OSTmrUpdateCtr                           0x20000200   Data           4  os_var.o(.data)
    OSTCBCurPtr                              0x20000204   Data           4  os_var.o(.data)
    OSTCBHighRdyPtr                          0x20000208   Data           4  os_var.o(.data)
    CPU_IntDisMeasCtr                        0x2000020c   Data           2  cpu_core.o(.data)
    CPU_IntDisNestCtr                        0x2000020e   Data           2  cpu_core.o(.data)
    CPU_TS_TmrFreq_Hz                        0x20000210   Data           4  cpu_core.o(.data)
    CPU_IntDisMeasStart_cnts                 0x20000214   Data           4  cpu_core.o(.data)
    CPU_IntDisMeasStop_cnts                  0x20000218   Data           4  cpu_core.o(.data)
    CPU_IntDisMeasOvrhd_cnts                 0x2000021c   Data           4  cpu_core.o(.data)
    CPU_IntDisMeasMaxCur_cnts                0x20000220   Data           4  cpu_core.o(.data)
    CPU_IntDisMeasMax_cnts                   0x20000224   Data           4  cpu_core.o(.data)
    GUI_DecChar                              0x20000228   Data           1  gui_core.o(.data)
    GUI_pfGetpPalConvTable                   0x2000022c   Data           4  gui_core.o(.data)
    GUI__pFontDefault                        0x20000230   Data           4  gui_core.o(.data)
    GUI_pContext                             0x20000234   Data           4  gui_core.o(.data)
    GUI_pUC_API                              0x20000238   Data           4  gui_core.o(.data)
    GUI__apDevice                            0x2000024c   Data           8  gui_core.o(.data)
    GUI_pLCD_APIList                         0x20000254   Data           4  gui_core.o(.data)
    GUITASK__EntranceCnt                     0x20000264   Data           4  gui_task.o(.data)
    LCD__pSetColorAPI                        0x20000274   Data           4  lcd.o(.data)
    LCD__aConvTable                          0x2000027c   Data           4  lcd_color.o(.data)
    __stdout                                 0x20000288   Data           4  stdout.o(.data)
    AppTaskKEYBOARDTCB                       0x20000740   Data         200  main.o(.bss)
    file                                     0x20000928   Data        4132  main.o(.bss)
    TIM_TimeBaseStructure                    0x20004ac8   Data          10  pwm.o(.bss)
    TIM_OCInitStructure                      0x20004ad2   Data          16  pwm.o(.bss)
    TIM_BDTRInitStructure                    0x20004ae2   Data          14  pwm.o(.bss)
    OSCfg_IdleTaskStk                        0x20004b00   Data         512  os_cfg_app.o(.bss)
    OSCfg_IntQ                               0x20004d00   Data         320  os_cfg_app.o(.bss)
    OSCfg_IntQTaskStk                        0x20004e40   Data         512  os_cfg_app.o(.bss)
    OSCfg_ISRStk                             0x20005040   Data         512  os_cfg_app.o(.bss)
    OSCfg_MsgPool                            0x20005240   Data        1600  os_cfg_app.o(.bss)
    OSCfg_StatTaskStk                        0x20005880   Data         512  os_cfg_app.o(.bss)
    OSCfg_TickTaskStk                        0x20005a80   Data         512  os_cfg_app.o(.bss)
    OSCfg_TickWheel                          0x20005c80   Data         136  os_cfg_app.o(.bss)
    OSCfg_TmrTaskStk                         0x20005d08   Data         512  os_cfg_app.o(.bss)
    OSCfg_TmrWheel                           0x20005f08   Data         136  os_cfg_app.o(.bss)
    OSIdleTaskTCB                            0x20005f90   Data         200  os_var.o(.bss)
    OSIntQTaskTCB                            0x20006058   Data         200  os_var.o(.bss)
    OSMsgPool                                0x20006120   Data          12  os_var.o(.bss)
    OSRdyList                                0x2000612c   Data         384  os_var.o(.bss)
    OSStatTaskTCB                            0x200062ac   Data         200  os_var.o(.bss)
    OSTickTaskTCB                            0x20006374   Data         200  os_var.o(.bss)
    OSTmrTaskTCB                             0x2000643c   Data         200  os_var.o(.bss)
    CPU_Name                                 0x20006504   Data          16  cpu_core.o(.bss)
    __initial_sp                             0x20007590   Data           0  startup_stm32f10x_hd.o(STACK)



==============================================================================

Memory Map of the image

  Image Entry point : 0x08000131

  Load Region LR_IROM1 (Base: 0x08000000, Size: 0x0000ba78, Max: 0x00080000, ABSOLUTE, COMPRESSED[0x0000b868])

    Execution Region ER_IROM1 (Base: 0x08000000, Size: 0x0000b7ec, Max: 0x00080000, ABSOLUTE)

    Base Addr    Size         Type   Attr      Idx    E Section Name        Object

    0x08000000   0x00000130   Data   RO            3    RESET               startup_stm32f10x_hd.o
    0x08000130   0x00000000   Code   RO         9098  * .ARM.Collect$$$$00000000  mc_w.l(entry.o)(mc_w.l)
    0x08000130   0x00000004   Code   RO         9406    .ARM.Collect$$$$00000001  mc_w.l(entry2.o)(mc_w.l)
    0x08000134   0x00000004   Code   RO         9409    .ARM.Collect$$$$00000004  mc_w.l(entry5.o)(mc_w.l)
    0x08000138   0x00000008   Code   RO         9410    .ARM.Collect$$$$00000007  mc_w.l(entry7.o)(mc_w.l)
    0x08000140   0x00000004   Code   RO         9407    .ARM.Collect$$$$00002712  mc_w.l(entry2.o)(mc_w.l)
    0x08000144   0x00000024   Code   RO            4    .text               startup_stm32f10x_hd.o
    0x08000168   0x00000034   Code   RO         6801    .text               cpu_a.o
    0x0800019c   0x00000066   Code   RO         9101    .text               mc_w.l(uldiv.o)(mc_w.l)
    0x08000202   0x000000b0   Code   RO         9376    .text               mf_w.l(fadd.o)(mf_w.l)
    0x080002b2   0x0000006c   Code   RO         9378    .text               mf_w.l(fmul.o)(mf_w.l)
    0x0800031e   0x00000080   Code   RO         9380    .text               mf_w.l(fdiv.o)(mf_w.l)
    0x0800039e   0x00000018   Code   RO         9382    .text               mf_w.l(fscalb.o)(mf_w.l)
    0x080003b6   0x0000014a   Code   RO         9384    .text               mf_w.l(dadd.o)(mf_w.l)
    0x08000500   0x000000e2   Code   RO         9386    .text               mf_w.l(dmul.o)(mf_w.l)
    0x080005e2   0x000000de   Code   RO         9388    .text               mf_w.l(ddiv.o)(mf_w.l)
    0x080006c0   0x0000002e   Code   RO         9390    .text               mf_w.l(dscalb.o)(mf_w.l)
    0x080006ee   0x00000012   Code   RO         9392    .text               mf_w.l(fflti.o)(mf_w.l)
    0x08000700   0x00000022   Code   RO         9394    .text               mf_w.l(dflti.o)(mf_w.l)
    0x08000722   0x0000002e   Code   RO         9398    .text               mf_w.l(dfixui.o)(mf_w.l)
    0x08000750   0x0000002c   Code   RO         9400    .text               mf_w.l(f2d.o)(mf_w.l)
    0x0800077c   0x00000028   Code   RO         9402    .text               mf_w.l(cdcmple.o)(mf_w.l)
    0x080007a4   0x00000038   Code   RO         9404    .text               mf_w.l(d2f.o)(mf_w.l)
    0x080007dc   0x0000002c   Code   RO         9412    .text               mc_w.l(uidiv.o)(mc_w.l)
    0x08000808   0x0000001e   Code   RO         9414    .text               mc_w.l(llshl.o)(mc_w.l)
    0x08000826   0x00000020   Code   RO         9416    .text               mc_w.l(llushr.o)(mc_w.l)
    0x08000846   0x00000024   Code   RO         9418    .text               mc_w.l(llsshr.o)(mc_w.l)
    0x0800086a   0x00000000   Code   RO         9420    .text               mc_w.l(iusefp.o)(mc_w.l)
    0x0800086a   0x00000070   Code   RO         9421    .text               mf_w.l(fepilogue.o)(mf_w.l)
    0x080008da   0x000000c2   Code   RO         9423    .text               mf_w.l(depilogue.o)(mf_w.l)
    0x0800099c   0x00000030   Code   RO         9425    .text               mf_w.l(dfixul.o)(mf_w.l)
    0x080009cc   0x00000028   Code   RO         9427    .text               mf_w.l(cdrcmple.o)(mf_w.l)
    0x080009f4   0x00000024   Code   RO         9429    .text               mc_w.l(init.o)(mc_w.l)
    0x08000a18   0x0000005c   Code   RO         9439    .text               mc_w.l(__dczerorl2.o)(mc_w.l)
    0x08000a74   0x00000084   Code   RO         5477    CODE                os_cpu_a.o
    0x08000af8   0x000000f8   Code   RO         4797    i.Angle_Calculate   kalman.o
    0x08000bf0   0x0000003c   Code   RO         3306    i.AppObjCreate      main.o
    0x08000c2c   0x000002d4   Code   RO         3307    i.AppTaskControl    main.o
    0x08000f00   0x000001ac   Code   RO         3308    i.AppTaskCreate     main.o
    0x080010ac   0x0000001c   Code   RO         3309    i.AppTaskGUI        main.o
    0x080010c8   0x00000018   Code   RO         3310    i.AppTaskHeight     main.o
    0x080010e0   0x00000018   Code   RO         3311    i.AppTaskKEYBOARD   main.o
    0x080010f8   0x0000001c   Code   RO         3312    i.AppTaskKalman     main.o
    0x08001114   0x000000c8   Code   RO         3313    i.AppTaskSHOT       main.o
    0x080011dc   0x000000e4   Code   RO         3314    i.AppTaskStart      main.o
    0x080012c0   0x00000010   Code   RO         4615    i.BSP_CPU_ClkFreq   bsp.o
    0x080012d0   0x00000052   Code   RO         4616    i.BSP_Init          bsp.o
    0x08001322   0x00000002   PAD
    0x08001324   0x0000001c   Code   RO         4617    i.BSP_Tick_Init     bsp.o
    0x08001340   0x00000002   Code   RO         3108    i.BusFault_Handler  stm32f10x_it.o
    0x08001342   0x00000012   Code   RO         6860    i.CPU_Init          cpu_core.o
    0x08001354   0x0000004c   Code   RO         6861    i.CPU_IntDisMeasInit  cpu_core.o
    0x080013a0   0x00000014   Code   RO         6862    i.CPU_IntDisMeasMaxCalc  cpu_core.o
    0x080013b4   0x0000001c   Code   RO         6863    i.CPU_IntDisMeasMaxCurGet  cpu_core.o
    0x080013d0   0x00000020   Code   RO         6864    i.CPU_IntDisMeasMaxCurReset  cpu_core.o
    0x080013f0   0x0000001c   Code   RO         6865    i.CPU_IntDisMeasMaxGet  cpu_core.o
    0x0800140c   0x00000020   Code   RO         6866    i.CPU_IntDisMeasStart  cpu_core.o
    0x0800142c   0x00000030   Code   RO         6867    i.CPU_IntDisMeasStop  cpu_core.o
    0x0800145c   0x00000028   Code   RO         6868    i.CPU_NameClr       cpu_core.o
    0x08001484   0x00000004   Code   RO         6870    i.CPU_NameInit      cpu_core.o
    0x08001488   0x00000010   Code   RO         6874    i.CPU_TS_Init       cpu_core.o
    0x08001498   0x0000000c   Code   RO         6876    i.CPU_TS_TmrFreqSet  cpu_core.o
    0x080014a4   0x00000030   Code   RO         4619    i.CPU_TS_TmrInit    bsp.o
    0x080014d4   0x0000000c   Code   RO         4620    i.CPU_TS_TmrRd      bsp.o
    0x080014e0   0x00000002   Code   RO         3109    i.DebugMon_Handler  stm32f10x_it.o
    0x080014e2   0x000000a6   Code   RO         1292    i.GPIO_Init         stm32f10x_gpio.o
    0x08001588   0x0000005c   Code   RO         1294    i.GPIO_PinRemapConfig  stm32f10x_gpio.o
    0x080015e4   0x0000000e   Code   RO         1296    i.GPIO_ReadInputDataBit  stm32f10x_gpio.o
    0x080015f2   0x00000004   Code   RO         1299    i.GPIO_ResetBits    stm32f10x_gpio.o
    0x080015f6   0x00000004   Code   RO         1300    i.GPIO_SetBits      stm32f10x_gpio.o
    0x080015fa   0x00000002   PAD
    0x080015fc   0x00000134   Code   RO         8144    i.GUIMONO_DispChar  STemWin522_CM3_OS_Keil.lib(gui_charm.o)(STemWin522_CM3_OS_Keil.lib)
    0x08001730   0x00000018   Code   RO         8145    i.GUIMONO_GetCharDistX  STemWin522_CM3_OS_Keil.lib(gui_charm.o)(STemWin522_CM3_OS_Keil.lib)
    0x08001748   0x00000006   Code   RO         8146    i.GUIMONO_GetFontInfo  STemWin522_CM3_OS_Keil.lib(gui_charm.o)(STemWin522_CM3_OS_Keil.lib)
    0x0800174e   0x00000038   Code   RO         8147    i.GUIMONO_IsInFont  STemWin522_CM3_OS_Keil.lib(gui_charm.o)(STemWin522_CM3_OS_Keil.lib)
    0x08001786   0x00000022   Code   RO         7502    i.GUI_BMP_Serialize  STemWin522_CM3_OS_Keil.lib(gui_bmp_serialize.o)(STemWin522_CM3_OS_Keil.lib)
    0x080017a8   0x00000030   Code   RO         7503    i.GUI_BMP_SerializeEx  STemWin522_CM3_OS_Keil.lib(gui_bmp_serialize.o)(STemWin522_CM3_OS_Keil.lib)
    0x080017d8   0x00000080   Code   RO         7582    i.GUI_DEVICE_Link   STemWin522_CM3_OS_Keil.lib(gui_device.o)(STemWin522_CM3_OS_Keil.lib)
    0x08001858   0x00000012   Code   RO         7583    i.GUI_DEVICE_LinkDevices  STemWin522_CM3_OS_Keil.lib(gui_device.o)(STemWin522_CM3_OS_Keil.lib)
    0x0800186a   0x00000002   PAD
    0x0800186c   0x00000044   Code   RO         7585    i.GUI_DEVICE_UnlinkTaskDevices  STemWin522_CM3_OS_Keil.lib(gui_device.o)(STemWin522_CM3_OS_Keil.lib)
    0x080018b0   0x00000024   Code   RO         7587    i.GUI_DEVICE__GetpDriver  STemWin522_CM3_OS_Keil.lib(gui_device.o)(STemWin522_CM3_OS_Keil.lib)
    0x080018d4   0x00000018   Code   RO         8175    i.GUI_Index2Color   STemWin522_CM3_OS_Keil.lib(gui_index2color.o)(STemWin522_CM3_OS_Keil.lib)
    0x080018ec   0x00000088   Code   RO         8305    i.GUI_Lock          STemWin522_CM3_OS_Keil.lib(gui_task.o)(STemWin522_CM3_OS_Keil.lib)
    0x08001974   0x00000014   Code   RO         8306    i.GUI_Unlock        STemWin522_CM3_OS_Keil.lib(gui_task.o)(STemWin522_CM3_OS_Keil.lib)
    0x08001988   0x00000010   Code   RO         3937    i.GUI_X_GetTaskId   gui_x_ucos.o
    0x08001998   0x00000018   Code   RO         3941    i.GUI_X_Lock        gui_x_ucos.o
    0x080019b0   0x00000014   Code   RO         3944    i.GUI_X_Unlock      gui_x_ucos.o
    0x080019c4   0x0000001c   Code   RO         4132    i.GetPinStateOfKey1  key.o
    0x080019e0   0x0000001c   Code   RO         4133    i.GetPinStateOfKey2  key.o
    0x080019fc   0x00000088   Code   RO         4190    i.Go_back           control.o
    0x08001a84   0x00000088   Code   RO         4192    i.Go_straight       control.o
    0x08001b0c   0x0000001c   Code   RO         3110    i.HardFault_Handler  stm32f10x_it.o
    0x08001b28   0x00000090   Code   RO         4194    i.Height_Adjust     control.o
    0x08001bb8   0x0000013c   Code   RO         4798    i.Kalman_Filter     kalman.o
    0x08001cf4   0x0000002c   Code   RO         4134    i.Key1_GPIO_Config  key.o
    0x08001d20   0x0000002c   Code   RO         4135    i.Key2_GPIO_Config  key.o
    0x08001d4c   0x00000010   Code   RO         4136    i.KeyCreate         key.o
    0x08001d5c   0x0000000c   Code   RO         4138    i.Key_AccessTimes   key.o
    0x08001d68   0x00000084   Code   RO         4139    i.Key_RefreshState  key.o
    0x08001dec   0x0000001c   Code   RO         8348    i.LCD_Color2Index   STemWin522_CM3_OS_Keil.lib(lcd.o)(STemWin522_CM3_OS_Keil.lib)
    0x08001e08   0x00000208   Code   RO         8349    i.LCD_DrawBitmap    STemWin522_CM3_OS_Keil.lib(lcd.o)(STemWin522_CM3_OS_Keil.lib)
    0x08002010   0x00000058   Code   RO         8353    i.LCD_FillRect      STemWin522_CM3_OS_Keil.lib(lcd.o)(STemWin522_CM3_OS_Keil.lib)
    0x08002068   0x00000010   Code   RO         7678    i.LCD_GetBitsPerPixel  STemWin522_CM3_OS_Keil.lib(lcd_getex.o)(STemWin522_CM3_OS_Keil.lib)
    0x08002078   0x0000000e   Code   RO         8405    i.LCD_GetPixelColor  STemWin522_CM3_OS_Keil.lib(lcd_getpixelcolor.o)(STemWin522_CM3_OS_Keil.lib)
    0x08002086   0x00000002   PAD
    0x08002088   0x00000060   Code   RO         8402    i.LCD_GetPixelIndex  STemWin522_CM3_OS_Keil.lib(lcd_getp.o)(STemWin522_CM3_OS_Keil.lib)
    0x080020e8   0x00000010   Code   RO         7700    i.LCD_GetXSize      STemWin522_CM3_OS_Keil.lib(lcd_getex.o)(STemWin522_CM3_OS_Keil.lib)
    0x080020f8   0x00000010   Code   RO         7705    i.LCD_GetYSize      STemWin522_CM3_OS_Keil.lib(lcd_getex.o)(STemWin522_CM3_OS_Keil.lib)
    0x08002108   0x00000004   Code   RO         8387    i.LCD_GetpPalConvTableBM  STemWin522_CM3_OS_Keil.lib(lcd_color.o)(STemWin522_CM3_OS_Keil.lib)
    0x0800210c   0x00000048   Code   RO         8388    i.LCD_GetpPalConvTableUncached  STemWin522_CM3_OS_Keil.lib(lcd_color.o)(STemWin522_CM3_OS_Keil.lib)
    0x08002154   0x0000001c   Code   RO         8354    i.LCD_Index2Color   STemWin522_CM3_OS_Keil.lib(lcd.o)(STemWin522_CM3_OS_Keil.lib)
    0x08002170   0x00000018   Code   RO         8356    i.LCD_SetBkColorIndex  STemWin522_CM3_OS_Keil.lib(lcd.o)(STemWin522_CM3_OS_Keil.lib)
    0x08002188   0x00000018   Code   RO         8359    i.LCD_SetColorIndex  STemWin522_CM3_OS_Keil.lib(lcd.o)(STemWin522_CM3_OS_Keil.lib)
    0x080021a0   0x0000000c   Code   RO         8360    i.LCD_SetDrawMode   STemWin522_CM3_OS_Keil.lib(lcd.o)(STemWin522_CM3_OS_Keil.lib)
    0x080021ac   0x00000050   Code   RO         4053    i.LED_GPIO_Config   bsp_led.o
    0x080021fc   0x0000003a   Code   RO         4740    i.MPU6050ReadAcc    mpu6050.o
    0x08002236   0x0000003a   Code   RO         4741    i.MPU6050ReadGyro   mpu6050.o
    0x08002270   0x00000042   Code   RO         4744    i.MPU6050_Init      mpu6050.o
    0x080022b2   0x00000002   Code   RO         3111    i.MemManage_Handler  stm32f10x_it.o
    0x080022b4   0x00000008   Code   RO         7159    i.Mem_Clr           lib_mem.o
    0x080022bc   0x00000046   Code   RO         7163    i.Mem_Set           lib_mem.o
    0x08002302   0x00000002   PAD
    0x08002304   0x000000c8   Code   RO         4195    i.Molest            control.o
    0x080023cc   0x00000002   Code   RO         3112    i.NMI_Handler       stm32f10x_it.o
    0x080023ce   0x0000005c   Code   RO          137    i.NVIC_Init         misc.o
    0x0800242a   0x00000002   PAD
    0x0800242c   0x00000014   Code   RO          138    i.NVIC_PriorityGroupConfig  misc.o
    0x08002440   0x00000014   Code   RO          139    i.NVIC_SetVectorTable  misc.o
    0x08002454   0x00000002   Code   RO         5558    i.OSCfg_Init        os_cfg_app.o
    0x08002456   0x00000002   PAD
    0x08002458   0x00000010   Code   RO         5480    i.OSIdleTaskHook    os_cpu_c.o
    0x08002468   0x00000188   Code   RO         5627    i.OSInit            os_core.o
    0x080025f0   0x00000034   Code   RO         5481    i.OSInitHook        os_cpu_c.o
    0x08002624   0x00000020   Code   RO         5628    i.OSIntEnter        os_core.o
    0x08002644   0x000000b4   Code   RO         5629    i.OSIntExit         os_core.o
    0x080026f8   0x000000b8   Code   RO         6202    i.OSQCreate         os_q.o
    0x080027b0   0x00000084   Code   RO         5630    i.OSSched           os_core.o
    0x08002834   0x00000064   Code   RO         5631    i.OSSchedLock       os_core.o
    0x08002898   0x0000007c   Code   RO         5634    i.OSSchedUnlock     os_core.o
    0x08002914   0x000000b0   Code   RO         6274    i.OSSemCreate       os_sem.o
    0x080029c4   0x00000190   Code   RO         6276    i.OSSemPend         os_sem.o
    0x08002b54   0x00000088   Code   RO         6278    i.OSSemPost         os_sem.o
    0x08002bdc   0x00000058   Code   RO         5635    i.OSStart           os_core.o
    0x08002c34   0x00000110   Code   RO         6346    i.OSStatReset       os_stat.o
    0x08002d44   0x000000c4   Code   RO         6347    i.OSStatTaskCPUUsageInit  os_stat.o
    0x08002e08   0x00000010   Code   RO         5482    i.OSStatTaskHook    os_cpu_c.o
    0x08002e18   0x0000021c   Code   RO         6377    i.OSTaskCreate      os_task.o
    0x08003034   0x00000010   Code   RO         5483    i.OSTaskCreateHook  os_cpu_c.o
    0x08003044   0x00000178   Code   RO         6378    i.OSTaskDel         os_task.o
    0x080031bc   0x00000010   Code   RO         5484    i.OSTaskDelHook     os_cpu_c.o
    0x080031cc   0x0000006c   Code   RO         6386    i.OSTaskResume      os_task.o
    0x08003238   0x00000010   Code   RO         5485    i.OSTaskReturnHook  os_cpu_c.o
    0x08003248   0x0000018c   Code   RO         6387    i.OSTaskSemPend     os_task.o
    0x080033d4   0x000000bc   Code   RO         6391    i.OSTaskStkChk      os_task.o
    0x08003490   0x0000006c   Code   RO         5486    i.OSTaskStkInit     os_cpu_c.o
    0x080034fc   0x00000058   Code   RO         6392    i.OSTaskSuspend     os_task.o
    0x08003554   0x00000068   Code   RO         5487    i.OSTaskSwHook      os_cpu_c.o
    0x080035bc   0x000000f0   Code   RO         6592    i.OSTimeDly         os_time.o
    0x080036ac   0x000001ac   Code   RO         6593    i.OSTimeDlyHMSM     os_time.o
    0x08003858   0x00000044   Code   RO         6597    i.OSTimeTick        os_time.o
    0x0800389c   0x00000010   Code   RO         5488    i.OSTimeTickHook    os_cpu_c.o
    0x080038ac   0x000000f8   Code   RO         6634    i.OSTmrCreate       os_tmr.o
    0x080039a4   0x000000a4   Code   RO         6637    i.OSTmrStart        os_tmr.o
    0x08003a48   0x00000030   Code   RO         5489    i.OS_CPU_SysTickHandler  os_cpu_c.o
    0x08003a78   0x00000026   Code   RO         5490    i.OS_CPU_SysTickInit  os_cpu_c.o
    0x08003a9e   0x00000002   Code   RO         5873    i.OS_Dbg_Init       os_dbg.o
    0x08003aa0   0x00000018   Code   RO         5899    i.OS_FlagInit       os_flag.o
    0x08003ab8   0x000001b8   Code   RO         5900    i.OS_FlagPost       os_flag.o
    0x08003c70   0x00000046   Code   RO         5901    i.OS_FlagTaskRdy    os_flag.o
    0x08003cb6   0x00000002   PAD
    0x08003cb8   0x00000034   Code   RO         5637    i.OS_IdleTask       os_core.o
    0x08003cec   0x0000006c   Code   RO         5638    i.OS_IdleTaskInit   os_core.o
    0x08003d58   0x000000bc   Code   RO         5973    i.OS_IntQPost       os_int.o
    0x08003e14   0x0000012c   Code   RO         5974    i.OS_IntQRePost     os_int.o
    0x08003f40   0x00000090   Code   RO         5975    i.OS_IntQTask       os_int.o
    0x08003fd0   0x00000114   Code   RO         5976    i.OS_IntQTaskInit   os_int.o
    0x080040e4   0x00000018   Code   RO         6007    i.OS_MemInit        os_mem.o
    0x080040fc   0x0000006c   Code   RO         6039    i.OS_MsgPoolInit    os_msg.o
    0x08004168   0x00000034   Code   RO         6040    i.OS_MsgQFreeAll    os_msg.o
    0x0800419c   0x0000000e   Code   RO         6042    i.OS_MsgQInit       os_msg.o
    0x080041aa   0x00000002   PAD
    0x080041ac   0x00000090   Code   RO         6043    i.OS_MsgQPut        os_msg.o
    0x0800423c   0x00000018   Code   RO         6083    i.OS_MutexInit      os_mutex.o
    0x08004254   0x00000050   Code   RO         5639    i.OS_Pend           os_core.o
    0x080042a4   0x00000026   Code   RO         5642    i.OS_PendDataInit   os_core.o
    0x080042ca   0x00000002   PAD
    0x080042cc   0x00000054   Code   RO         5643    i.OS_PendDbgNameAdd  os_core.o
    0x08004320   0x00000020   Code   RO         5644    i.OS_PendDbgNameRemove  os_core.o
    0x08004340   0x0000000a   Code   RO         5646    i.OS_PendListInit   os_core.o
    0x0800434a   0x0000005a   Code   RO         5648    i.OS_PendListInsertPrio  os_core.o
    0x080043a4   0x00000026   Code   RO         5649    i.OS_PendListRemove  os_core.o
    0x080043ca   0x00000036   Code   RO         5650    i.OS_PendListRemove1  os_core.o
    0x08004400   0x000000a2   Code   RO         5653    i.OS_Post           os_core.o
    0x080044a2   0x00000026   Code   RO         5654    i.OS_Post1          os_core.o
    0x080044c8   0x00000024   Code   RO         6165    i.OS_PrioGetHighest  os_prio.o
    0x080044ec   0x00000018   Code   RO         6166    i.OS_PrioInit       os_prio.o
    0x08004504   0x00000020   Code   RO         6167    i.OS_PrioInsert     os_prio.o
    0x08004524   0x00000020   Code   RO         6168    i.OS_PrioRemove     os_prio.o
    0x08004544   0x00000024   Code   RO         6209    i.OS_QDbgListAdd    os_q.o
    0x08004568   0x00000018   Code   RO         6211    i.OS_QInit          os_q.o
    0x08004580   0x00000114   Code   RO         6212    i.OS_QPost          os_q.o
    0x08004694   0x00000024   Code   RO         5655    i.OS_RdyListInit    os_core.o
    0x080046b8   0x00000030   Code   RO         5656    i.OS_RdyListInsert  os_core.o
    0x080046e8   0x00000038   Code   RO         5657    i.OS_RdyListInsertHead  os_core.o
    0x08004720   0x00000038   Code   RO         5658    i.OS_RdyListInsertTail  os_core.o
    0x08004758   0x00000038   Code   RO         5659    i.OS_RdyListMoveHeadToTail  os_core.o
    0x08004790   0x00000054   Code   RO         5660    i.OS_RdyListRemove  os_core.o
    0x080047e4   0x00000048   Code   RO         5661    i.OS_Sched0         os_core.o
    0x0800482c   0x0000001c   Code   RO         5662    i.OS_SchedLockTimeMeasStart  os_core.o
    0x08004848   0x0000003c   Code   RO         5663    i.OS_SchedLockTimeMeasStop  os_core.o
    0x08004884   0x000000b4   Code   RO         5664    i.OS_SchedRoundRobin  os_core.o
    0x08004938   0x00000024   Code   RO         6281    i.OS_SemDbgListAdd  os_sem.o
    0x0800495c   0x00000018   Code   RO         6283    i.OS_SemInit        os_sem.o
    0x08004974   0x000000e4   Code   RO         6284    i.OS_SemPost        os_sem.o
    0x08004a58   0x000002c4   Code   RO         6348    i.OS_StatTask       os_stat.o
    0x08004d1c   0x000000c0   Code   RO         6349    i.OS_StatTaskInit   os_stat.o
    0x08004ddc   0x00000032   Code   RO         5665    i.OS_TaskBlock      os_core.o
    0x08004e0e   0x00000002   PAD
    0x08004e10   0x00000024   Code   RO         6394    i.OS_TaskDbgListAdd  os_task.o
    0x08004e34   0x00000040   Code   RO         6395    i.OS_TaskDbgListRemove  os_task.o
    0x08004e74   0x00000020   Code   RO         6396    i.OS_TaskInit       os_task.o
    0x08004e94   0x000000bc   Code   RO         6397    i.OS_TaskInitTCB    os_task.o
    0x08004f50   0x000001b8   Code   RO         6398    i.OS_TaskQPost      os_task.o
    0x08005108   0x0000001e   Code   RO         5666    i.OS_TaskRdy        os_core.o
    0x08005126   0x00000002   PAD
    0x08005128   0x00000114   Code   RO         6399    i.OS_TaskResume     os_task.o
    0x0800523c   0x00000018   Code   RO         6400    i.OS_TaskReturn     os_task.o
    0x08005254   0x0000023c   Code   RO         6401    i.OS_TaskSemPost    os_task.o
    0x08005490   0x00000118   Code   RO         6402    i.OS_TaskSuspend    os_task.o
    0x080055a8   0x0000002c   Code   RO         6544    i.OS_TickListInit   os_tick.o
    0x080055d4   0x000000f0   Code   RO         6545    i.OS_TickListInsert  os_tick.o
    0x080056c4   0x00000036   Code   RO         6546    i.OS_TickListRemove  os_tick.o
    0x080056fa   0x00000002   PAD
    0x080056fc   0x00000028   Code   RO         6547    i.OS_TickListResetPeak  os_tick.o
    0x08005724   0x0000019c   Code   RO         6548    i.OS_TickListUpdate  os_tick.o
    0x080058c0   0x00000028   Code   RO         6549    i.OS_TickTask       os_tick.o
    0x080058e8   0x000000ac   Code   RO         6550    i.OS_TickTaskInit   os_tick.o
    0x08005994   0x0000001c   Code   RO         6641    i.OS_TmrDbgListAdd  os_tmr.o
    0x080059b0   0x0000010c   Code   RO         6643    i.OS_TmrInit        os_tmr.o
    0x08005abc   0x000000b4   Code   RO         6644    i.OS_TmrLink        os_tmr.o
    0x08005b70   0x00000028   Code   RO         6645    i.OS_TmrResetPeak   os_tmr.o
    0x08005b98   0x000000b0   Code   RO         6646    i.OS_TmrTask        os_tmr.o
    0x08005c48   0x0000004c   Code   RO         6647    i.OS_TmrUnlink      os_tmr.o
    0x08005c94   0x00000040   Code   RO         4435    i.Open_All_TIM      pwm.o
    0x08005cd4   0x00000056   Code   RO         4746    i.PMU6050_ReadData  mpu6050.o
    0x08005d2a   0x00000030   Code   RO         4747    i.PMU6050_WriteReg  mpu6050.o
    0x08005d5a   0x00000002   PAD
    0x08005d5c   0x000000f0   Code   RO         4196    i.PWM_Init          control.o
    0x08005e4c   0x000000e4   Code   RO         4199    i.Pace_135_246_Motor3  control.o
    0x08005f30   0x000000a8   Code   RO         4202    i.Pace_135_Motor2   control.o
    0x08005fd8   0x000000a8   Code   RO         4203    i.Pace_135_Motor3   control.o
    0x08006080   0x000000a4   Code   RO         4204    i.Pace_135_Motor3_Different  control.o
    0x08006124   0x00000090   Code   RO         4206    i.Pace_14_Motor1_diffirent  control.o
    0x080061b4   0x00000090   Code   RO         4207    i.Pace_14_Motor2    control.o
    0x08006244   0x00000090   Code   RO         4208    i.Pace_14_Motor3    control.o
    0x080062d4   0x000000a4   Code   RO         4210    i.Pace_246_Motor2   control.o
    0x08006378   0x000000a4   Code   RO         4211    i.Pace_246_Motor3   control.o
    0x0800641c   0x000000a4   Code   RO         4212    i.Pace_246_Motor3_Different  control.o
    0x080064c0   0x00000090   Code   RO         4213    i.Pace_25_Motor1    control.o
    0x08006550   0x00000090   Code   RO         4214    i.Pace_25_Motor2    control.o
    0x080065e0   0x00000090   Code   RO         4215    i.Pace_25_Motor3    control.o
    0x08006670   0x00000018   Code   RO         1707    i.RCC_AHBPeriphClockCmd  stm32f10x_rcc.o
    0x08006688   0x00000018   Code   RO         1708    i.RCC_APB1PeriphClockCmd  stm32f10x_rcc.o
    0x080066a0   0x00000018   Code   RO         1709    i.RCC_APB1PeriphResetCmd  stm32f10x_rcc.o
    0x080066b8   0x00000018   Code   RO         1710    i.RCC_APB2PeriphClockCmd  stm32f10x_rcc.o
    0x080066d0   0x00000018   Code   RO         1711    i.RCC_APB2PeriphResetCmd  stm32f10x_rcc.o
    0x080066e8   0x000000a8   Code   RO         1718    i.RCC_GetClocksFreq  stm32f10x_rcc.o
    0x08006790   0x00000016   Code   RO         2187    i.SPI_Cmd           stm32f10x_spi.o
    0x080067a6   0x00000002   PAD
    0x080067a8   0x00000050   Code   RO         4845    i.SPI_FLASH_BufferRead  fatfs_flash_spi.o
    0x080067f8   0x000000da   Code   RO         4846    i.SPI_FLASH_BufferWrite  fatfs_flash_spi.o
    0x080068d2   0x00000002   PAD
    0x080068d4   0x00000064   Code   RO         4848    i.SPI_FLASH_PageWrite  fatfs_flash_spi.o
    0x08006938   0x00000044   Code   RO         4851    i.SPI_FLASH_ReadID  fatfs_flash_spi.o
    0x0800697c   0x00000048   Code   RO         4852    i.SPI_FLASH_SectorErase  fatfs_flash_spi.o
    0x080069c4   0x0000006c   Code   RO         4853    i.SPI_FLASH_SendByte  fatfs_flash_spi.o
    0x08006a30   0x00000048   Code   RO         4856    i.SPI_FLASH_WaitForWriteEnd  fatfs_flash_spi.o
    0x08006a78   0x00000024   Code   RO         4857    i.SPI_FLASH_WriteEnable  fatfs_flash_spi.o
    0x08006a9c   0x0000000e   Code   RO         2195    i.SPI_I2S_GetFlagStatus  stm32f10x_spi.o
    0x08006aaa   0x00000004   Code   RO         2198    i.SPI_I2S_ReceiveData  stm32f10x_spi.o
    0x08006aae   0x00000004   Code   RO         2199    i.SPI_I2S_SendData  stm32f10x_spi.o
    0x08006ab2   0x00000038   Code   RO         2200    i.SPI_Init          stm32f10x_spi.o
    0x08006aea   0x00000002   PAD
    0x08006aec   0x00000034   Code   RO         4860    i.SPI_TIMEOUT_UserCallback  fatfs_flash_spi.o
    0x08006b20   0x00000002   Code   RO         3113    i.SVC_Handler       stm32f10x_it.o
    0x08006b22   0x00000004   Code   RO           24    i.SetSysClock       system_stm32f10x.o
    0x08006b26   0x00000002   PAD
    0x08006b28   0x0000009c   Code   RO           25    i.SetSysClockTo72   system_stm32f10x.o
    0x08006bc4   0x000000f4   Code   RO         4221    i.Sit_Down          control.o
    0x08006cb8   0x0000005c   Code   RO         4222    i.Stamp             control.o
    0x08006d14   0x00000158   Code   RO         4224    i.Stand_Up          control.o
    0x08006e6c   0x00000050   Code   RO           27    i.SystemInit        system_stm32f10x.o
    0x08006ebc   0x00000048   Code   RO         4436    i.TIM1_Config       pwm.o
    0x08006f04   0x000000e4   Code   RO         4437    i.TIM1_Init         pwm.o
    0x08006fe8   0x00000040   Code   RO         4438    i.TIM2_Config       pwm.o
    0x08007028   0x000000a8   Code   RO         4439    i.TIM2_Init         pwm.o
    0x080070d0   0x00000048   Code   RO         4440    i.TIM3_Config       pwm.o
    0x08007118   0x000000ac   Code   RO         4441    i.TIM3_Init         pwm.o
    0x080071c4   0x0000003c   Code   RO         4442    i.TIM4_Config       pwm.o
    0x08007200   0x000000ac   Code   RO         4443    i.TIM4_Init         pwm.o
    0x080072ac   0x00000034   Code   RO         4444    i.TIM5_Config       pwm.o
    0x080072e0   0x000000ac   Code   RO         4445    i.TIM5_Init         pwm.o
    0x0800738c   0x00000054   Code   RO         4522    i.TIM6_Configuration  tim6.o
    0x080073e0   0x0000004c   Code   RO         4524    i.TIM7_Configuration  tim6.o
    0x0800742c   0x00000034   Code   RO         3315    i.TIM7_IRQHandler   main.o
    0x08007460   0x00000032   Code   RO         4525    i.TIM7_NVIC_Configuration  tim6.o
    0x08007492   0x00000016   Code   RO         2330    i.TIM_ARRPreloadConfig  stm32f10x_tim.o
    0x080074a8   0x00000022   Code   RO         2331    i.TIM_BDTRConfig    stm32f10x_tim.o
    0x080074ca   0x00000006   Code   RO         2336    i.TIM_ClearFlag     stm32f10x_tim.o
    0x080074d0   0x00000006   Code   RO         2337    i.TIM_ClearITPendingBit  stm32f10x_tim.o
    0x080074d6   0x00000016   Code   RO         2342    i.TIM_Cmd           stm32f10x_tim.o
    0x080074ec   0x0000001a   Code   RO         2344    i.TIM_CtrlPWMOutputs  stm32f10x_tim.o
    0x08007506   0x00000002   PAD
    0x08007508   0x00000210   Code   RO         2347    i.TIM_DeInit        stm32f10x_tim.o
    0x08007718   0x00000004   Code   RO         2361    i.TIM_GetCounter    stm32f10x_tim.o
    0x0800771c   0x00000018   Code   RO         2363    i.TIM_GetITStatus   stm32f10x_tim.o
    0x08007734   0x00000012   Code   RO         2367    i.TIM_ITConfig      stm32f10x_tim.o
    0x08007746   0x0000001a   Code   RO         4446    i.TIM_Init          pwm.o
    0x08007760   0x00000088   Code   RO         2371    i.TIM_OC1Init       stm32f10x_tim.o
    0x080077e8   0x0000000c   Code   RO         2374    i.TIM_OC1PreloadConfig  stm32f10x_tim.o
    0x080077f4   0x00000084   Code   RO         2376    i.TIM_OC2Init       stm32f10x_tim.o
    0x08007878   0x0000000e   Code   RO         2379    i.TIM_OC2PreloadConfig  stm32f10x_tim.o
    0x08007886   0x00000002   PAD
    0x08007888   0x00000080   Code   RO         2381    i.TIM_OC3Init       stm32f10x_tim.o
    0x08007908   0x0000000c   Code   RO         2384    i.TIM_OC3PreloadConfig  stm32f10x_tim.o
    0x08007914   0x00000064   Code   RO         2386    i.TIM_OC4Init       stm32f10x_tim.o
    0x08007978   0x0000000e   Code   RO         2388    i.TIM_OC4PreloadConfig  stm32f10x_tim.o
    0x08007986   0x00000004   Code   RO         2403    i.TIM_SetCompare1   stm32f10x_tim.o
    0x0800798a   0x00000004   Code   RO         2404    i.TIM_SetCompare2   stm32f10x_tim.o
    0x0800798e   0x00000004   Code   RO         2405    i.TIM_SetCompare3   stm32f10x_tim.o
    0x08007992   0x00000006   Code   RO         2406    i.TIM_SetCompare4   stm32f10x_tim.o
    0x08007998   0x00000004   Code   RO         2407    i.TIM_SetCounter    stm32f10x_tim.o
    0x0800799c   0x0000009c   Code   RO         2413    i.TIM_TimeBaseInit  stm32f10x_tim.o
    0x08007a38   0x000000e0   Code   RO         4861    i.TM_FATFS_FLASH_SPI_disk_initialize  fatfs_flash_spi.o
    0x08007b18   0x00000028   Code   RO         4862    i.TM_FATFS_FLASH_SPI_disk_ioctl  fatfs_flash_spi.o
    0x08007b40   0x00000024   Code   RO         4863    i.TM_FATFS_FLASH_SPI_disk_read  fatfs_flash_spi.o
    0x08007b64   0x0000002c   Code   RO         4864    i.TM_FATFS_FLASH_SPI_disk_status  fatfs_flash_spi.o
    0x08007b90   0x00000020   Code   RO         4865    i.TM_FATFS_FLASH_SPI_disk_write  fatfs_flash_spi.o
    0x08007bb0   0x0000006c   Code   RO         4225    i.Turn              control.o
    0x08007c1c   0x0000006c   Code   RO         4226    i.Turn_Left         control.o
    0x08007c88   0x00000088   Code   RO         4102    i.USART1_Config     bsp_usart1.o
    0x08007d10   0x00000088   Code   RO         3316    i.USART1_IRQHandler  main.o
    0x08007d98   0x00000008   Code   RO         2874    i.USART_ClearFlag   stm32f10x_usart.o
    0x08007da0   0x00000016   Code   RO         2878    i.USART_Cmd         stm32f10x_usart.o
    0x08007db6   0x0000000e   Code   RO         2881    i.USART_GetFlagStatus  stm32f10x_usart.o
    0x08007dc4   0x00000036   Code   RO         2884    i.USART_ITConfig    stm32f10x_usart.o
    0x08007dfa   0x00000002   PAD
    0x08007dfc   0x000000bc   Code   RO         2885    i.USART_Init        stm32f10x_usart.o
    0x08007eb8   0x00000008   Code   RO         2892    i.USART_ReceiveData  stm32f10x_usart.o
    0x08007ec0   0x0000003c   Code   RO         3317    i.USART_SENTDATA    main.o
    0x08007efc   0x00000008   Code   RO         2895    i.USART_SendData    stm32f10x_usart.o
    0x08007f04   0x00000024   Code   RO         4552    i.UltrasonicWave1_CalculateTime  ultrasonicwave.o
    0x08007f28   0x00000064   Code   RO         4553    i.UltrasonicWave1_StartMeasure  ultrasonicwave.o
    0x08007f8c   0x00000024   Code   RO         4554    i.UltrasonicWave2_CalculateTime  ultrasonicwave.o
    0x08007fb0   0x00000064   Code   RO         4555    i.UltrasonicWave2_StartMeasure  ultrasonicwave.o
    0x08008014   0x00000024   Code   RO         4556    i.UltrasonicWave3_CalculateTime  ultrasonicwave.o
    0x08008038   0x00000064   Code   RO         4557    i.UltrasonicWave3_StartMeasure  ultrasonicwave.o
    0x0800809c   0x00000044   Code   RO         4558    i.UltrasonicWave_Configuration  ultrasonicwave.o
    0x080080e0   0x00000012   Code   RO         4559    i.UltrasonicWave_StartMeasure  ultrasonicwave.o
    0x080080f2   0x00000002   Code   RO         3114    i.UsageFault_Handler  stm32f10x_it.o
    0x080080f4   0x00000028   Code   RO         4103    i.Usart1_NVIC_Configuration  bsp_usart1.o
    0x0800811c   0x00000088   Code   RO         3318    i.User_EventCreate  main.o
    0x080081a4   0x0000001e   Code   RO         7712    i._GetDevProp       STemWin522_CM3_OS_Keil.lib(lcd_getex.o)(STemWin522_CM3_OS_Keil.lib)
    0x080081c2   0x0000001a   Code   RO         7505    i._SendU16          STemWin522_CM3_OS_Keil.lib(gui_bmp_serialize.o)(STemWin522_CM3_OS_Keil.lib)
    0x080081dc   0x0000001c   Code   RO         7506    i._SendU32          STemWin522_CM3_OS_Keil.lib(gui_bmp_serialize.o)(STemWin522_CM3_OS_Keil.lib)
    0x080081f8   0x00000208   Code   RO         7507    i._SerializeEx      STemWin522_CM3_OS_Keil.lib(gui_bmp_serialize.o)(STemWin522_CM3_OS_Keil.lib)
    0x08008400   0x00000020   Code   RO         8362    i._SetBkColor       STemWin522_CM3_OS_Keil.lib(lcd.o)(STemWin522_CM3_OS_Keil.lib)
    0x08008420   0x00000020   Code   RO         8363    i._SetColor         STemWin522_CM3_OS_Keil.lib(lcd.o)(STemWin522_CM3_OS_Keil.lib)
    0x08008440   0x0000002c   Code   RO         8364    i._SetDrawMode      STemWin522_CM3_OS_Keil.lib(lcd.o)(STemWin522_CM3_OS_Keil.lib)
    0x0800846c   0x00000030   Code   RO         7588    i._UnlinkDevice     STemWin522_CM3_OS_Keil.lib(gui_device.o)(STemWin522_CM3_OS_Keil.lib)
    0x0800849c   0x0000001c   Code   RO         3319    i._WriteByte2File   main.o
    0x080084b8   0x00000020   Code   RO         9348    i.__0printf         mc_w.l(printfa.o)(mc_w.l)
    0x080084d8   0x00000028   Code   RO         9350    i.__0sprintf        mc_w.l(printfa.o)(mc_w.l)
    0x08008500   0x0000000e   Code   RO         9433    i.__scatterload_copy  mc_w.l(handlers.o)(mc_w.l)
    0x0800850e   0x00000002   Code   RO         9434    i.__scatterload_null  mc_w.l(handlers.o)(mc_w.l)
    0x08008510   0x0000000e   Code   RO         9435    i.__scatterload_zeroinit  mc_w.l(handlers.o)(mc_w.l)
    0x0800851e   0x00000002   PAD
    0x08008520   0x00000030   Code   RO         3320    i._cbOfTmr1         main.o
    0x08008550   0x0000003c   Code   RO         3321    i._cbOfTmr2         main.o
    0x0800858c   0x0000019c   Code   RO         3322    i._cbOfTmr3         main.o
    0x08008728   0x00000154   Code   RO         9355    i._fp_digits        mc_w.l(printfa.o)(mc_w.l)
    0x0800887c   0x000006d4   Code   RO         9356    i._printf_core      mc_w.l(printfa.o)(mc_w.l)
    0x08008f50   0x00000026   Code   RO         9357    i._printf_post_padding  mc_w.l(printfa.o)(mc_w.l)
    0x08008f76   0x0000002e   Code   RO         9358    i._printf_pre_padding  mc_w.l(printfa.o)(mc_w.l)
    0x08008fa4   0x0000000a   Code   RO         9360    i._sputc            mc_w.l(printfa.o)(mc_w.l)
    0x08008fae   0x00000002   PAD
    0x08008fb0   0x00000038   Code   RO         3323    i.avoidance         main.o
    0x08008fe8   0x00000080   Code   RO         3477    i.check_fs          ff.o
    0x08009068   0x00000010   Code   RO         3478    i.chk_chr           ff.o
    0x08009078   0x00000018   Code   RO         3479    i.clust2sect        ff.o
    0x08009090   0x00000080   Code   RO         3480    i.cmp_lfn           ff.o
    0x08009110   0x000000a4   Code   RO         3481    i.create_chain      ff.o
    0x080091b4   0x000001ec   Code   RO         3482    i.create_name       ff.o
    0x080093a0   0x0000000a   Code   RO         4560    i.delay_diy         ultrasonicwave.o
    0x080093aa   0x00000044   Code   RO         3483    i.dir_alloc         ff.o
    0x080093ee   0x000000c6   Code   RO         3484    i.dir_find          ff.o
    0x080094b4   0x00000114   Code   RO         3485    i.dir_next          ff.o
    0x080095c8   0x000000b0   Code   RO         3486    i.dir_read          ff.o
    0x08009678   0x00000100   Code   RO         3487    i.dir_register      ff.o
    0x08009778   0x0000005e   Code   RO         3488    i.dir_remove        ff.o
    0x080097d6   0x0000009e   Code   RO         3489    i.dir_sdi           ff.o
    0x08009874   0x0000000e   Code   RO         3421    i.disk_initialize   diskio.o
    0x08009882   0x0000001a   Code   RO         3422    i.disk_ioctl        diskio.o
    0x0800989c   0x0000001c   Code   RO         3423    i.disk_read         diskio.o
    0x080098b8   0x0000000e   Code   RO         3424    i.disk_status       diskio.o
    0x080098c6   0x00000020   Code   RO         3425    i.disk_write        diskio.o
    0x080098e6   0x0000001e   Code   RO         3491    i.f_close           ff.o
    0x08009904   0x00000152   Code   RO         3500    i.f_open            ff.o
    0x08009a56   0x0000009a   Code   RO         3510    i.f_sync            ff.o
    0x08009af0   0x000000a2   Code   RO         3512    i.f_unlink          ff.o
    0x08009b92   0x000001b4   Code   RO         3514    i.f_write           ff.o
    0x08009d46   0x00000002   PAD
    0x08009d48   0x00000034   Code   RO         3812    i.ff_convert        ccsbcs.o
    0x08009d7c   0x0000002c   Code   RO         3813    i.ff_wtoupper       ccsbcs.o
    0x08009da8   0x00000358   Code   RO         3515    i.find_volume       ff.o
    0x0800a100   0x0000006c   Code   RO         3516    i.fit_lfn           ff.o
    0x0800a16c   0x0000006a   Code   RO         3517    i.follow_path       ff.o
    0x0800a1d6   0x00000002   PAD
    0x0800a1d8   0x00000024   Code   RO         4105    i.fputc             bsp_usart1.o
    0x0800a1fc   0x0000008c   Code   RO         3518    i.gen_numname       ff.o
    0x0800a288   0x000000fe   Code   RO         3519    i.get_fat           ff.o
    0x0800a386   0x00000002   PAD
    0x0800a388   0x00000008   Code   RO         3426    i.get_fattime       diskio.o
    0x0800a390   0x00000042   Code   RO         3521    i.get_ldnumber      ff.o
    0x0800a3d2   0x00000002   PAD
    0x0800a3d4   0x00000024   Code   RO         4672    i.i2c_Ack           bsp_i2c.o
    0x0800a3f8   0x0000000c   Code   RO         4674    i.i2c_Delay         bsp_i2c.o
    0x0800a404   0x00000030   Code   RO         4675    i.i2c_GPIO_Config   bsp_i2c.o
    0x0800a434   0x00000024   Code   RO         4676    i.i2c_NAck          bsp_i2c.o
    0x0800a458   0x00000050   Code   RO         4677    i.i2c_ReadByte      bsp_i2c.o
    0x0800a4a8   0x00000050   Code   RO         4678    i.i2c_SendByte      bsp_i2c.o
    0x0800a4f8   0x00000028   Code   RO         4679    i.i2c_Start         bsp_i2c.o
    0x0800a520   0x0000001c   Code   RO         4680    i.i2c_Stop          bsp_i2c.o
    0x0800a53c   0x00000034   Code   RO         4681    i.i2c_WaitAck       bsp_i2c.o
    0x0800a570   0x0000001e   Code   RO         3522    i.ld_clust          ff.o
    0x0800a58e   0x00000002   PAD
    0x0800a590   0x0000005c   Code   RO         3324    i.main              main.o
    0x0800a5ec   0x00000018   Code   RO         3523    i.mem_cmp           ff.o
    0x0800a604   0x00000010   Code   RO         3524    i.mem_cpy           ff.o
    0x0800a614   0x0000000e   Code   RO         3525    i.mem_set           ff.o
    0x0800a622   0x00000034   Code   RO         3526    i.move_window       ff.o
    0x0800a656   0x00000002   PAD
    0x0800a658   0x00000070   Code   RO         3527    i.pick_lfn          ff.o
    0x0800a6c8   0x00000128   Code   RO         3528    i.put_fat           ff.o
    0x0800a7f0   0x00000066   Code   RO         3530    i.remove_chain      ff.o
    0x0800a856   0x00000010   Code   RO         3531    i.st_clust          ff.o
    0x0800a866   0x0000001a   Code   RO         3532    i.sum_sfn           ff.o
    0x0800a880   0x000000b6   Code   RO         3533    i.sync_fs           ff.o
    0x0800a936   0x00000052   Code   RO         3534    i.sync_window       ff.o
    0x0800a988   0x0000002a   Code   RO         3535    i.validate          ff.o
    0x0800a9b2   0x000000ba   Data   RO         3536    .constdata          ff.o
    0x0800aa6c   0x000004c0   Data   RO         3814    .constdata          ccsbcs.o
    0x0800af2c   0x00000004   Data   RO         5569    .constdata          os_cfg_app.o
    0x0800af30   0x00000004   Data   RO         5570    .constdata          os_cfg_app.o
    0x0800af34   0x00000004   Data   RO         5571    .constdata          os_cfg_app.o
    0x0800af38   0x00000004   Data   RO         5573    .constdata          os_cfg_app.o
    0x0800af3c   0x00000002   Data   RO         5574    .constdata          os_cfg_app.o
    0x0800af3e   0x00000002   PAD
    0x0800af40   0x00000004   Data   RO         5576    .constdata          os_cfg_app.o
    0x0800af44   0x00000004   Data   RO         5577    .constdata          os_cfg_app.o
    0x0800af48   0x00000004   Data   RO         5578    .constdata          os_cfg_app.o
    0x0800af4c   0x00000004   Data   RO         5580    .constdata          os_cfg_app.o
    0x0800af50   0x00000004   Data   RO         5581    .constdata          os_cfg_app.o
    0x0800af54   0x00000002   Data   RO         5583    .constdata          os_cfg_app.o
    0x0800af56   0x00000002   PAD
    0x0800af58   0x00000004   Data   RO         5585    .constdata          os_cfg_app.o
    0x0800af5c   0x00000001   Data   RO         5586    .constdata          os_cfg_app.o
    0x0800af5d   0x00000003   PAD
    0x0800af60   0x00000004   Data   RO         5587    .constdata          os_cfg_app.o
    0x0800af64   0x00000004   Data   RO         5588    .constdata          os_cfg_app.o
    0x0800af68   0x00000004   Data   RO         5589    .constdata          os_cfg_app.o
    0x0800af6c   0x00000004   Data   RO         5590    .constdata          os_cfg_app.o
    0x0800af70   0x00000004   Data   RO         5592    .constdata          os_cfg_app.o
    0x0800af74   0x00000004   Data   RO         5593    .constdata          os_cfg_app.o
    0x0800af78   0x00000001   Data   RO         5594    .constdata          os_cfg_app.o
    0x0800af79   0x00000003   PAD
    0x0800af7c   0x00000004   Data   RO         5595    .constdata          os_cfg_app.o
    0x0800af80   0x00000004   Data   RO         5596    .constdata          os_cfg_app.o
    0x0800af84   0x00000004   Data   RO         5597    .constdata          os_cfg_app.o
    0x0800af88   0x00000002   Data   RO         5599    .constdata          os_cfg_app.o
    0x0800af8a   0x00000001   Data   RO         5601    .constdata          os_cfg_app.o
    0x0800af8b   0x00000001   PAD
    0x0800af8c   0x00000004   Data   RO         5602    .constdata          os_cfg_app.o
    0x0800af90   0x00000004   Data   RO         5603    .constdata          os_cfg_app.o
    0x0800af94   0x00000004   Data   RO         5604    .constdata          os_cfg_app.o
    0x0800af98   0x00000004   Data   RO         5605    .constdata          os_cfg_app.o
    0x0800af9c   0x00000002   Data   RO         5607    .constdata          os_cfg_app.o
    0x0800af9e   0x00000008   Data   RO         7589    .constdata          STemWin522_CM3_OS_Keil.lib(gui_device.o)(STemWin522_CM3_OS_Keil.lib)
    0x0800afa6   0x00000518   Data   RO         7971    .constdata          STemWin522_CM3_OS_Keil.lib(f6x8.o)(STemWin522_CM3_OS_Keil.lib)
    0x0800b4be   0x000001c0   Data   RO         7972    .constdata          STemWin522_CM3_OS_Keil.lib(f6x8.o)(STemWin522_CM3_OS_Keil.lib)
    0x0800b67e   0x00000002   PAD
    0x0800b680   0x00000008   Data   RO         7973    .constdata          STemWin522_CM3_OS_Keil.lib(f6x8.o)(STemWin522_CM3_OS_Keil.lib)
    0x0800b688   0x00000014   Data   RO         7974    .constdata          STemWin522_CM3_OS_Keil.lib(f6x8.o)(STemWin522_CM3_OS_Keil.lib)
    0x0800b69c   0x00000024   Data   RO         7975    .constdata          STemWin522_CM3_OS_Keil.lib(f6x8.o)(STemWin522_CM3_OS_Keil.lib)
    0x0800b6c0   0x00000100   Data   RO         8089    .constdata          STemWin522_CM3_OS_Keil.lib(gui__divtbl_255_31.o)(STemWin522_CM3_OS_Keil.lib)
    0x0800b7c0   0x0000000c   Data   RO         8366    .constdata          STemWin522_CM3_OS_Keil.lib(lcd.o)(STemWin522_CM3_OS_Keil.lib)
    0x0800b7cc   0x00000020   Data   RO         9431    Region$$Table       anon$$obj.o


    Execution Region RW_IRAM1 (Base: 0x20000000, Size: 0x00007590, Max: 0x00010000, ABSOLUTE, COMPRESSED[0x0000007c])

    Base Addr    Size         Type   Attr      Idx    E Section Name        Object

    0x20000000   0x00000014   Data   RW         1738    .data               stm32f10x_rcc.o
    0x20000014   0x00000030   Data   RW         3326    .data               main.o
    0x20000044   0x00000006   Data   RW         3328    .data               main.o
    0x2000004a   0x00000006   Data   RW         3329    .data               main.o
    0x20000050   0x0000000c   Data   RW         3537    .data               ff.o
    0x2000005c   0x0000007c   Data   RW         4228    .data               control.o
    0x200000d8   0x0000000a   Data   RW         4448    .data               pwm.o
    0x200000e2   0x00000006   Data   RW         4561    .data               ultrasonicwave.o
    0x200000e8   0x00000044   Data   RW         4800    .data               kalman.o
    0x2000012c   0x00000008   Data   RW         4871    .data               fatfs_flash_spi.o
    0x20000134   0x00000004   Data   RW         5491    .data               os_cpu_c.o
    0x20000138   0x00000004   Data   RW         6169    .data               os_prio.o
    0x2000013c   0x00000004   Data   RW         6731    .data               os_var.o
    0x20000140   0x00000004   Data   RW         6732    .data               os_var.o
    0x20000144   0x00000004   Data   RW         6733    .data               os_var.o
    0x20000148   0x00000004   Data   RW         6734    .data               os_var.o
    0x2000014c   0x00000004   Data   RW         6735    .data               os_var.o
    0x20000150   0x00000004   Data   RW         6736    .data               os_var.o
    0x20000154   0x00000004   Data   RW         6737    .data               os_var.o
    0x20000158   0x00000004   Data   RW         6738    .data               os_var.o
    0x2000015c   0x00000001   Data   RW         6739    .data               os_var.o
    0x2000015d   0x00000003   PAD
    0x20000160   0x00000004   Data   RW         6740    .data               os_var.o
    0x20000164   0x00000001   Data   RW         6741    .data               os_var.o
    0x20000165   0x00000003   PAD
    0x20000168   0x00000004   Data   RW         6742    .data               os_var.o
    0x2000016c   0x00000004   Data   RW         6743    .data               os_var.o
    0x20000170   0x00000002   Data   RW         6744    .data               os_var.o
    0x20000172   0x00000002   Data   RW         6745    .data               os_var.o
    0x20000174   0x00000002   Data   RW         6746    .data               os_var.o
    0x20000176   0x00000002   PAD
    0x20000178   0x00000004   Data   RW         6747    .data               os_var.o
    0x2000017c   0x00000004   Data   RW         6748    .data               os_var.o
    0x20000180   0x00000002   Data   RW         6749    .data               os_var.o
    0x20000182   0x00000002   PAD
    0x20000184   0x00000004   Data   RW         6750    .data               os_var.o
    0x20000188   0x00000002   Data   RW         6751    .data               os_var.o
    0x2000018a   0x00000002   PAD
    0x2000018c   0x00000004   Data   RW         6752    .data               os_var.o
    0x20000190   0x00000002   Data   RW         6753    .data               os_var.o
    0x20000192   0x00000001   Data   RW         6754    .data               os_var.o
    0x20000193   0x00000001   Data   RW         6755    .data               os_var.o
    0x20000194   0x00000001   Data   RW         6756    .data               os_var.o
    0x20000195   0x00000003   PAD
    0x20000198   0x00000004   Data   RW         6757    .data               os_var.o
    0x2000019c   0x00000002   Data   RW         6758    .data               os_var.o
    0x2000019e   0x00000002   PAD
    0x200001a0   0x00000004   Data   RW         6759    .data               os_var.o
    0x200001a4   0x00000004   Data   RW         6760    .data               os_var.o
    0x200001a8   0x00000004   Data   RW         6761    .data               os_var.o
    0x200001ac   0x00000001   Data   RW         6762    .data               os_var.o
    0x200001ad   0x00000003   PAD
    0x200001b0   0x00000004   Data   RW         6763    .data               os_var.o
    0x200001b4   0x00000001   Data   RW         6764    .data               os_var.o
    0x200001b5   0x00000003   PAD
    0x200001b8   0x00000004   Data   RW         6765    .data               os_var.o
    0x200001bc   0x00000002   Data   RW         6766    .data               os_var.o
    0x200001be   0x00000001   Data   RW         6767    .data               os_var.o
    0x200001bf   0x00000001   PAD
    0x200001c0   0x00000002   Data   RW         6768    .data               os_var.o
    0x200001c2   0x00000002   Data   RW         6769    .data               os_var.o
    0x200001c4   0x00000004   Data   RW         6770    .data               os_var.o
    0x200001c8   0x00000004   Data   RW         6771    .data               os_var.o
    0x200001cc   0x00000004   Data   RW         6772    .data               os_var.o
    0x200001d0   0x00000001   Data   RW         6773    .data               os_var.o
    0x200001d1   0x00000003   PAD
    0x200001d4   0x00000004   Data   RW         6774    .data               os_var.o
    0x200001d8   0x00000004   Data   RW         6775    .data               os_var.o
    0x200001dc   0x00000004   Data   RW         6776    .data               os_var.o
    0x200001e0   0x00000002   Data   RW         6777    .data               os_var.o
    0x200001e2   0x00000001   Data   RW         6778    .data               os_var.o
    0x200001e3   0x00000001   PAD
    0x200001e4   0x00000004   Data   RW         6779    .data               os_var.o
    0x200001e8   0x00000004   Data   RW         6780    .data               os_var.o
    0x200001ec   0x00000004   Data   RW         6781    .data               os_var.o
    0x200001f0   0x00000002   Data   RW         6782    .data               os_var.o
    0x200001f2   0x00000002   PAD
    0x200001f4   0x00000004   Data   RW         6783    .data               os_var.o
    0x200001f8   0x00000004   Data   RW         6784    .data               os_var.o
    0x200001fc   0x00000004   Data   RW         6785    .data               os_var.o
    0x20000200   0x00000004   Data   RW         6786    .data               os_var.o
    0x20000204   0x00000004   Data   RW         6787    .data               os_var.o
    0x20000208   0x00000004   Data   RW         6788    .data               os_var.o
    0x2000020c   0x0000001c   Data   RW         6880    .data               cpu_core.o
    0x20000228   0x0000002c   Data   RW         7526    .data               STemWin522_CM3_OS_Keil.lib(gui_core.o)(STemWin522_CM3_OS_Keil.lib)
    0x20000254   0x00000004   Data   RW         7530    .data               STemWin522_CM3_OS_Keil.lib(gui_core.o)(STemWin522_CM3_OS_Keil.lib)
    0x20000258   0x0000001c   Data   RW         8308    .data               STemWin522_CM3_OS_Keil.lib(gui_task.o)(STemWin522_CM3_OS_Keil.lib)
    0x20000274   0x00000004   Data   RW         8367    .data               STemWin522_CM3_OS_Keil.lib(lcd.o)(STemWin522_CM3_OS_Keil.lib)
    0x20000278   0x00000010   Data   RW         8393    .data               STemWin522_CM3_OS_Keil.lib(lcd_color.o)(STemWin522_CM3_OS_Keil.lib)
    0x20000288   0x00000004   Data   RW         9411    .data               mc_w.l(stdout.o)(mc_w.l)
    0x2000028c   0x00000004   PAD
    0x20000290   0x000047c0   Zero   RW         3325    .bss                main.o
    0x20004a50   0x00000078   Zero   RW         3947    .bss                gui_x_ucos.o
    0x20004ac8   0x00000028   Zero   RW         4447    .bss                pwm.o
    0x20004af0   0x00000010   Zero   RW         4799    .bss                kalman.o
    0x20004b00   0x00000200   Zero   RW         5559    .bss                os_cfg_app.o
    0x20004d00   0x00000140   Zero   RW         5560    .bss                os_cfg_app.o
    0x20004e40   0x00000200   Zero   RW         5561    .bss                os_cfg_app.o
    0x20005040   0x00000200   Zero   RW         5562    .bss                os_cfg_app.o
    0x20005240   0x00000640   Zero   RW         5563    .bss                os_cfg_app.o
    0x20005880   0x00000200   Zero   RW         5564    .bss                os_cfg_app.o
    0x20005a80   0x00000200   Zero   RW         5565    .bss                os_cfg_app.o
    0x20005c80   0x00000088   Zero   RW         5566    .bss                os_cfg_app.o
    0x20005d08   0x00000200   Zero   RW         5567    .bss                os_cfg_app.o
    0x20005f08   0x00000088   Zero   RW         5568    .bss                os_cfg_app.o
    0x20005f90   0x000000c8   Zero   RW         6724    .bss                os_var.o
    0x20006058   0x000000c8   Zero   RW         6725    .bss                os_var.o
    0x20006120   0x0000000c   Zero   RW         6726    .bss                os_var.o
    0x2000612c   0x00000180   Zero   RW         6727    .bss                os_var.o
    0x200062ac   0x000000c8   Zero   RW         6728    .bss                os_var.o
    0x20006374   0x000000c8   Zero   RW         6729    .bss                os_var.o
    0x2000643c   0x000000c8   Zero   RW         6730    .bss                os_var.o
    0x20006504   0x00000010   Zero   RW         6878    .bss                cpu_core.o
    0x20006514   0x00000078   Zero   RW         7524    .bss                STemWin522_CM3_OS_Keil.lib(gui_core.o)(STemWin522_CM3_OS_Keil.lib)
    0x2000658c   0x00000004   PAD
    0x20006590   0x00001000   Zero   RW            1    STACK               startup_stm32f10x_hd.o


==============================================================================

Image component sizes


      Code (inc. data)   RO Data    RW Data    ZI Data      Debug   Object Name

       186         20          0          0          0          0   bsp.o
       412         44          0          0          0          0   bsp_i2c.o
        80          8          0          0          0          0   bsp_led.o
       212         14          0          0          0          0   bsp_usart1.o
        96         14       1216          0          0          0   ccsbcs.o
      3836        282          0        124          0          0   control.o
         0          0          0          0          0          0   core_cm3.o
        52          0          0          0          0          0   cpu_a.o
       354         50          0         28         16          0   cpu_core.o
       122          4          0          0          0          0   diskio.o
      1182        118          0          8          0          0   fatfs_flash_spi.o
      5822         62        186         12          0          0   ff.o
        60         16          0          0        120          0   gui_x_ucos.o
       564         74          0         68         16          0   kalman.o
       304         22          0          0          0          0   key.o
        78          0          0          0          0          0   lib_mem.o
      2824        624          0         60      18368          0   main.o
       132         18          0          0          0          0   misc.o
       316          0          0          0          0          0   mpu6050.o
         2          0        103          0       5264          0   os_cfg_app.o
      2590        408          0          0          0          0   os_core.o
       132         32          0          0          0          0   os_cpu_a.o
       446         62          0          4          0          0   os_cpu_c.o
         2          0          0          0          0          0   os_dbg.o
       534         28          0          0          0          0   os_flag.o
       908        204          0          0          0          0   os_int.o
        24         10          0          0          0          0   os_mem.o
       318         24          0          0          0          0   os_msg.o
        24         10          0          0          0          0   os_mutex.o
       124         18          0          4          0          0   os_prio.o
       520         46          0          0          0          0   os_q.o
      1000         68          0          0          0          0   os_sem.o
      1368        220          0          0          0          0   os_stat.o
      3608        242          0          0          0          0   os_task.o
      1002        126          0          0          0          0   os_tick.o
       736         44          0          0          0          0   os_time.o
      1180        168          0          0          0          0   os_tmr.o
         0          0          0        178       1396          0   os_var.o
      1322        108          0         10         40          0   pwm.o
        36          8        304          0       4096          0   startup_stm32f10x_hd.o
       280          6          0          0          0          0   stm32f10x_gpio.o
        40         20          0          0          0          0   stm32f10x_it.o
       288         36          0         20          0          0   stm32f10x_rcc.o
       100          0          0          0          0          0   stm32f10x_spi.o
      1416        154          0          0          0          0   stm32f10x_tim.o
       302          4          0          0          0          0   stm32f10x_usart.o
       240         26          0          0          0          0   system_stm32f10x.o
       210          8          0          0          0          0   tim6.o
       504         58          0          6          0          0   ultrasonicwave.o

    ----------------------------------------------------------------------
     35938       3508       1852        552      29316          0   Object Totals
         0          0         32          0          0          0   (incl. Generated)
        50          0         11         30          0          3   (incl. Padding)

    ----------------------------------------------------------------------

      Code (inc. data)   RO Data    RW Data    ZI Data      Debug   Library Member Name

         0          0       1816          0          0          0   f6x8.o
         0          0        256          0          0          0   gui__divtbl_255_31.o
       656          6          0          0          0          0   gui_bmp_serialize.o
       394         10          0          0          0          0   gui_charm.o
         0          0          0         48        120          0   gui_core.o
       298         24          8          0          0          0   gui_device.o
        24          0          0          0          0          0   gui_index2color.o
       156         14          0         28          0          0   gui_task.o
       832         64         12          4          0          0   lcd.o
        76          4          0         16          0          0   lcd_color.o
        78         12          0          0          0          0   lcd_getex.o
        96         10          0          0          0          0   lcd_getp.o
        14          0          0          0          0          0   lcd_getpixelcolor.o
        92          0          0          0          0          0   __dczerorl2.o
         0          0          0          0          0          0   entry.o
         8          4          0          0          0          0   entry2.o
         4          0          0          0          0          0   entry5.o
         8          4          0          0          0          0   entry7.o
        30          0          0          0          0          0   handlers.o
        36          8          0          0          0          0   init.o
         0          0          0          0          0          0   iusefp.o
        30          0          0          0          0          0   llshl.o
        36          0          0          0          0          0   llsshr.o
        32          0          0          0          0          0   llushr.o
      2254         98          0          0          0          0   printfa.o
         0          0          0          4          0          0   stdout.o
        44          0          0          0          0          0   uidiv.o
       102          0          0          0          0          0   uldiv.o
        40          2          0          0          0          0   cdcmple.o
        40          2          0          0          0          0   cdrcmple.o
        56          0          0          0          0          0   d2f.o
       330          0          0          0          0          0   dadd.o
       222          0          0          0          0          0   ddiv.o
       194          0          0          0          0          0   depilogue.o
        46          0          0          0          0          0   dfixui.o
        48          0          0          0          0          0   dfixul.o
        34          0          0          0          0          0   dflti.o
       226          0          0          0          0          0   dmul.o
        46          0          0          0          0          0   dscalb.o
        44          0          0          0          0          0   f2d.o
       176          0          0          0          0          0   fadd.o
       128          0          0          0          0          0   fdiv.o
       112          0          0          0          0          0   fepilogue.o
        18          0          0          0          0          0   fflti.o
       108          0          0          0          0          0   fmul.o
        24          0          0          0          0          0   fscalb.o

    ----------------------------------------------------------------------
      7200        262       2094        100        128          0   Library Totals
         8          0          2          0          8          0   (incl. Padding)

    ----------------------------------------------------------------------

      Code (inc. data)   RO Data    RW Data    ZI Data      Debug   Library Name

      2624        144       2092         96        120       2716   STemWin522_CM3_OS_Keil.lib
      2676        114          0          4          0       1056   mc_w.l
      1892          4          0          0          0       1720   mf_w.l

    ----------------------------------------------------------------------
      7200        262       2094        100        128          0   Library Totals

    ----------------------------------------------------------------------

==============================================================================


      Code (inc. data)   RO Data    RW Data    ZI Data      Debug   

     43138       3770       3946        652      29444     593200   Grand Totals
     43138       3770       3946        124      29444     593200   ELF Image Totals (compressed)
     43138       3770       3946        124          0          0   ROM Totals

==============================================================================

    Total RO  Size (Code + RO Data)                47084 (  45.98kB)
    Total RW  Size (RW Data + ZI Data)             30096 (  29.39kB)
    Total ROM Size (Code + RO Data + RW Data)      47208 (  46.10kB)

==============================================================================

